Component: ARM Compiler 5.06 update 1 (build 61) Tool: armlink [4d35a8]

==============================================================================

Section Cross References

    startup_stm32f429xx.o(STACK) refers (Special) to heapauxi.o(.text) for __use_two_region_memory
    startup_stm32f429xx.o(HEAP) refers (Special) to heapauxi.o(.text) for __use_two_region_memory
    startup_stm32f429xx.o(RESET) refers (Special) to heapauxi.o(.text) for __use_two_region_memory
    startup_stm32f429xx.o(RESET) refers to startup_stm32f429xx.o(STACK) for __initial_sp
    startup_stm32f429xx.o(RESET) refers to startup_stm32f429xx.o(.text) for Reset_Handler
    startup_stm32f429xx.o(RESET) refers to stm32f4xx_it.o(i.NMI_Handler) for NMI_Handler
    startup_stm32f429xx.o(RESET) refers to stm32f4xx_it.o(i.HardFault_Handler) for HardFault_Handler
    startup_stm32f429xx.o(RESET) refers to stm32f4xx_it.o(i.MemManage_Handler) for MemManage_Handler
    startup_stm32f429xx.o(RESET) refers to stm32f4xx_it.o(i.BusFault_Handler) for BusFault_Handler
    startup_stm32f429xx.o(RESET) refers to stm32f4xx_it.o(i.UsageFault_Handler) for UsageFault_Handler
    startup_stm32f429xx.o(RESET) refers to stm32f4xx_it.o(i.SVC_Handler) for SVC_Handler
    startup_stm32f429xx.o(RESET) refers to stm32f4xx_it.o(i.DebugMon_Handler) for DebugMon_Handler
    startup_stm32f429xx.o(RESET) refers to stm32f4xx_it.o(i.PendSV_Handler) for PendSV_Handler
    startup_stm32f429xx.o(RESET) refers to stm32f4xx_it.o(i.SysTick_Handler) for SysTick_Handler
    startup_stm32f429xx.o(RESET) refers to stm32f4xx_it.o(i.TIM3_IRQHandler) for TIM3_IRQHandler
    startup_stm32f429xx.o(RESET) refers to stm32f4xx_it.o(i.SDIO_IRQHandler) for SDIO_IRQHandler
    startup_stm32f429xx.o(RESET) refers to stm32f4xx_it.o(i.DMA2_Stream0_IRQHandler) for DMA2_Stream0_IRQHandler
    startup_stm32f429xx.o(RESET) refers to stm32f4xx_it.o(i.DMA2_Stream3_IRQHandler) for DMA2_Stream3_IRQHandler
    startup_stm32f429xx.o(RESET) refers to stm32f4xx_it.o(i.OTG_FS_IRQHandler) for OTG_FS_IRQHandler
    startup_stm32f429xx.o(RESET) refers to stm32f4xx_it.o(i.DMA2_Stream6_IRQHandler) for DMA2_Stream6_IRQHandler
    startup_stm32f429xx.o(.text) refers (Special) to heapauxi.o(.text) for __use_two_region_memory
    startup_stm32f429xx.o(.text) refers to system_stm32f4xx.o(i.SystemInit) for SystemInit
    startup_stm32f429xx.o(.text) refers to __main.o(!!!main) for __main
    startup_stm32f429xx.o(.text) refers to startup_stm32f429xx.o(HEAP) for Heap_Mem
    startup_stm32f429xx.o(.text) refers to startup_stm32f429xx.o(STACK) for Stack_Mem
    mpu9250.o(i.ICM20948_Init) refers to myiic.o(i.IIC_Init) for IIC_Init
    mpu9250.o(i.ICM20948_Init) refers to mpu9250.o(i.MPU_Write_Byte) for MPU_Write_Byte
    mpu9250.o(i.ICM20948_Init) refers to stm32f4xx_hal.o(i.HAL_Delay) for HAL_Delay
    mpu9250.o(i.ICM20948_Init) refers to mpu9250.o(i.MPU_Set_Gyro_Fsr) for MPU_Set_Gyro_Fsr
    mpu9250.o(i.ICM20948_Init) refers to mpu9250.o(i.MPU_Set_Accel_Fsr) for MPU_Set_Accel_Fsr
    mpu9250.o(i.ICM20948_Init) refers to mpu9250.o(i.MPU_Set_Rate) for MPU_Set_Rate
    mpu9250.o(i.ICM20948_Init) refers to mpu9250.o(i.MPU_Read_Byte) for MPU_Read_Byte
    mpu9250.o(i.MPU_Get_Accelerometer) refers to mpu9250.o(i.MPU_Read_Len) for MPU_Read_Len
    mpu9250.o(i.MPU_Get_Gyroscope) refers to mpu9250.o(i.MPU_Read_Len) for MPU_Read_Len
    mpu9250.o(i.MPU_Get_Magnetometer) refers to mpu9250.o(i.MPU_Read_Len) for MPU_Read_Len
    mpu9250.o(i.MPU_Get_Magnetometer) refers to stm32f4xx_hal.o(i.HAL_Delay) for HAL_Delay
    mpu9250.o(i.MPU_Get_Magnetometer) refers to mpu9250.o(i.MPU_Write_Byte) for MPU_Write_Byte
    mpu9250.o(i.MPU_Read_Byte) refers to myiic.o(i.IIC_Start) for IIC_Start
    mpu9250.o(i.MPU_Read_Byte) refers to myiic.o(i.IIC_Send_Byte) for IIC_Send_Byte
    mpu9250.o(i.MPU_Read_Byte) refers to myiic.o(i.IIC_Wait_Ack) for IIC_Wait_Ack
    mpu9250.o(i.MPU_Read_Byte) refers to myiic.o(i.IIC_Read_Byte) for IIC_Read_Byte
    mpu9250.o(i.MPU_Read_Byte) refers to myiic.o(i.IIC_Stop) for IIC_Stop
    mpu9250.o(i.MPU_Read_Len) refers to myiic.o(i.IIC_Start) for IIC_Start
    mpu9250.o(i.MPU_Read_Len) refers to myiic.o(i.IIC_Send_Byte) for IIC_Send_Byte
    mpu9250.o(i.MPU_Read_Len) refers to myiic.o(i.IIC_Wait_Ack) for IIC_Wait_Ack
    mpu9250.o(i.MPU_Read_Len) refers to myiic.o(i.IIC_Stop) for IIC_Stop
    mpu9250.o(i.MPU_Read_Len) refers to myiic.o(i.IIC_Read_Byte) for IIC_Read_Byte
    mpu9250.o(i.MPU_Set_Accel_Fsr) refers to mpu9250.o(i.MPU_Write_Byte) for MPU_Write_Byte
    mpu9250.o(i.MPU_Set_Gyro_Fsr) refers to mpu9250.o(i.MPU_Write_Byte) for MPU_Write_Byte
    mpu9250.o(i.MPU_Set_LPF) refers to mpu9250.o(i.MPU_Write_Byte) for MPU_Write_Byte
    mpu9250.o(i.MPU_Set_Rate) refers to mpu9250.o(i.MPU_Write_Byte) for MPU_Write_Byte
    mpu9250.o(i.MPU_Set_Rate) refers to mpu9250.o(i.MPU_Set_LPF) for MPU_Set_LPF
    mpu9250.o(i.MPU_Write_Byte) refers to myiic.o(i.IIC_Start) for IIC_Start
[...]
    HAL_TIM_OC_DelayElapsedCallback          0x08004615   Thumb Code     2  stm32f4xx_hal_tim.o(i.HAL_TIM_OC_DelayElapsedCallback)
    HAL_TIM_PWM_ConfigChannel                0x08004617   Thumb Code   260  stm32f4xx_hal_tim.o(i.HAL_TIM_PWM_ConfigChannel)
    HAL_TIM_PWM_Init                         0x0800471b   Thumb Code   102  stm32f4xx_hal_tim.o(i.HAL_TIM_PWM_Init)
    HAL_TIM_PWM_MspInit                      0x08004781   Thumb Code     2  stm32f4xx_hal_tim.o(i.HAL_TIM_PWM_MspInit)
    HAL_TIM_PWM_PulseFinishedCallback        0x08004783   Thumb Code     2  stm32f4xx_hal_tim.o(i.HAL_TIM_PWM_PulseFinishedCallback)
    HAL_TIM_PWM_Start                        0x08004785   Thumb Code   238  stm32f4xx_hal_tim.o(i.HAL_TIM_PWM_Start)
    HAL_TIM_PeriodElapsedCallback            0x08004891   Thumb Code   484  stm32f4xx_it.o(i.HAL_TIM_PeriodElapsedCallback)
    HAL_TIM_TriggerCallback                  0x08004aa1   Thumb Code     2  stm32f4xx_hal_tim.o(i.HAL_TIM_TriggerCallback)
    HardFault_Handler                        0x08004aa3   Thumb Code     4  stm32f4xx_it.o(i.HardFault_Handler)
    MSC_BOT_CplClrFeature                    0x08004c39   Thumb Code    80  usbd_msc_bot.o(i.MSC_BOT_CplClrFeature)
    MSC_BOT_DataIn                           0x08004c91   Thumb Code    88  usbd_msc_bot.o(i.MSC_BOT_DataIn)
    MSC_BOT_DataOut                          0x08004ce9   Thumb Code    78  usbd_msc_bot.o(i.MSC_BOT_DataOut)
    MSC_BOT_DeInit                           0x08004d37   Thumb Code    20  usbd_msc_bot.o(i.MSC_BOT_DeInit)
    MSC_BOT_Init                             0x08004d4d   Thumb Code    96  usbd_msc_bot.o(i.MSC_BOT_Init)
    MSC_BOT_Reset                            0x08004db5   Thumb Code    68  usbd_msc_bot.o(i.MSC_BOT_Reset)
    MSC_BOT_SendCSW                          0x08004e01   Thumb Code    74  usbd_msc_bot.o(i.MSC_BOT_SendCSW)
    MX_ADC1_Init                             0x08004eb9   Thumb Code   124  adc.o(i.MX_ADC1_Init)
    MX_DMA_Init                              0x08004f3d   Thumb Code    84  dma.o(i.MX_DMA_Init)
    MX_FATFS_Init                            0x08004f95   Thumb Code    16  fatfs.o(i.MX_FATFS_Init)
    MX_GPIO_Init                             0x08004fb1   Thumb Code   268  gpio.o(i.MX_GPIO_Init)
    MX_I2C2_Init                             0x080050cd   Thumb Code    76  i2c.o(i.MX_I2C2_Init)
    MX_SDIO_SD_Init                          0x08005125   Thumb Code    38  sdio.o(i.MX_SDIO_SD_Init)
    MX_SPI1_Init                             0x08005155   Thumb Code    66  spi.o(i.MX_SPI1_Init)
    MX_TIM2_Init                             0x080051a1   Thumb Code   108  tim.o(i.MX_TIM2_Init)
    MX_TIM3_Init                             0x08005211   Thumb Code   106  tim.o(i.MX_TIM3_Init)
    MX_TIM4_Init                             0x08005285   Thumb Code   156  tim.o(i.MX_TIM4_Init)
    MX_USB_DEVICE_Init                       0x08005329   Thumb Code    60  usb_device.o(i.MX_USB_DEVICE_Init)
    MemManage_Handler                        0x08005375   Thumb Code     4  stm32f4xx_it.o(i.MemManage_Handler)
    NMI_Handler                              0x08005379   Thumb Code     4  stm32f4xx_it.o(i.NMI_Handler)
    OTG_FS_IRQHandler                        0x0800537d   Thumb Code    10  stm32f4xx_it.o(i.OTG_FS_IRQHandler)
    PendSV_Handler                           0x080055eb   Thumb Code     2  stm32f4xx_it.o(i.PendSV_Handler)
    SCSI_ProcessCmd                          0x08005799   Thumb Code   344  usbd_msc_scsi.o(i.SCSI_ProcessCmd)
    SCSI_SenseCode                           0x08005fb1   Thumb Code    86  usbd_msc_scsi.o(i.SCSI_SenseCode)
    SDIO_ConfigData                          0x08006451   Thumb Code    44  stm32f4xx_ll_sdmmc.o(i.SDIO_ConfigData)
    SDIO_GetCommandResponse                  0x0800647d   Thumb Code     8  stm32f4xx_ll_sdmmc.o(i.SDIO_GetCommandResponse)
    SDIO_GetPowerState                       0x08006485   Thumb Code    10  stm32f4xx_ll_sdmmc.o(i.SDIO_GetPowerState)
    SDIO_GetResponse                         0x0800648f   Thumb Code    12  stm32f4xx_ll_sdmmc.o(i.SDIO_GetResponse)
    SDIO_IRQHandler                          0x0800649d   Thumb Code    10  stm32f4xx_it.o(i.SDIO_IRQHandler)
    SDIO_Init                                0x080064ad   Thumb Code    52  stm32f4xx_ll_sdmmc.o(i.SDIO_Init)
    SDIO_PowerState_ON                       0x080064e1   Thumb Code    10  stm32f4xx_ll_sdmmc.o(i.SDIO_PowerState_ON)
    SDIO_ReadFIFO                            0x080064eb   Thumb Code     8  stm32f4xx_ll_sdmmc.o(i.SDIO_ReadFIFO)
    SDIO_SendCommand                         0x080064f3   Thumb Code    40  stm32f4xx_ll_sdmmc.o(i.SDIO_SendCommand)
    SDIO_WriteFIFO                           0x0800651b   Thumb Code    12  stm32f4xx_ll_sdmmc.o(i.SDIO_WriteFIFO)
    SDMMC_CmdAppCommand                      0x08006527   Thumb Code    56  stm32f4xx_ll_sdmmc.o(i.SDMMC_CmdAppCommand)
    SDMMC_CmdAppOperCommand                  0x08006561   Thumb Code    54  stm32f4xx_ll_sdmmc.o(i.SDMMC_CmdAppOperCommand)
    SDMMC_CmdBlockLength                     0x0800659d   Thumb Code    56  stm32f4xx_ll_sdmmc.o(i.SDMMC_CmdBlockLength)
    SDMMC_CmdBusWidth                        0x080065d5   Thumb Code    56  stm32f4xx_ll_sdmmc.o(i.SDMMC_CmdBusWidth)
    SDMMC_CmdGoIdleState                     0x0800660d   Thumb Code    44  stm32f4xx_ll_sdmmc.o(i.SDMMC_CmdGoIdleState)
    SDMMC_CmdOperCond                        0x08006639   Thumb Code    52  stm32f4xx_ll_sdmmc.o(i.SDMMC_CmdOperCond)
    SDMMC_CmdReadMultiBlock                  0x0800666d   Thumb Code    56  stm32f4xx_ll_sdmmc.o(i.SDMMC_CmdReadMultiBlock)
    SDMMC_CmdReadSingleBlock                 0x080066a5   Thumb Code    56  stm32f4xx_ll_sdmmc.o(i.SDMMC_CmdReadSingleBlock)
    SDMMC_CmdSelDesel                        0x080066dd   Thumb Code    58  stm32f4xx_ll_sdmmc.o(i.SDMMC_CmdSelDesel)
    SDMMC_CmdSendCID                         0x08006717   Thumb Code    50  stm32f4xx_ll_sdmmc.o(i.SDMMC_CmdSendCID)
    SDMMC_CmdSendCSD                         0x08006749   Thumb Code    50  stm32f4xx_ll_sdmmc.o(i.SDMMC_CmdSendCSD)
    SDMMC_CmdSendSCR                         0x0800677b   Thumb Code    56  stm32f4xx_ll_sdmmc.o(i.SDMMC_CmdSendSCR)
    SDMMC_CmdSendStatus                      0x080067b3   Thumb Code    56  stm32f4xx_ll_sdmmc.o(i.SDMMC_CmdSendStatus)
    SDMMC_CmdSetRelAdd                       0x080067eb   Thumb Code    56  stm32f4xx_ll_sdmmc.o(i.SDMMC_CmdSetRelAdd)
    SDMMC_CmdStopTransfer                    0x08006825   Thumb Code    54  stm32f4xx_ll_sdmmc.o(i.SDMMC_CmdStopTransfer)
    SDMMC_CmdWriteMultiBlock                 0x08006861   Thumb Code    56  stm32f4xx_ll_sdmmc.o(i.SDMMC_CmdWriteMultiBlock)
    SDMMC_CmdWriteSingleBlock                0x08006899   Thumb Code    56  stm32f4xx_ll_sdmmc.o(i.SDMMC_CmdWriteSingleBlock)
    SDMMC_GetCmdResp1                        0x08006911   Thumb Code   418  stm32f4xx_ll_sdmmc.o(i.SDMMC_GetCmdResp1)
    SDMMC_GetCmdResp2                        0x08006abd   Thumb Code    96  stm32f4xx_ll_sdmmc.o(i.SDMMC_GetCmdResp2)
    SDMMC_GetCmdResp3                        0x08006b21   Thumb Code    82  stm32f4xx_ll_sdmmc.o(i.SDMMC_GetCmdResp3)
    SDMMC_GetCmdResp6                        0x08006b79   Thumb Code   180  stm32f4xx_ll_sdmmc.o(i.SDMMC_GetCmdResp6)
    SDMMC_GetCmdResp7                        0x08006c31   Thumb Code   104  stm32f4xx_ll_sdmmc.o(i.SDMMC_GetCmdResp7)
    SD_initialize                            0x080072fd   Thumb Code    26  sd_diskio.o(i.SD_initialize)
    SD_ioctl                                 0x0800731d   Thumb Code   102  sd_diskio.o(i.SD_ioctl)
    SD_read                                  0x08007389   Thumb Code   138  sd_diskio.o(i.SD_read)
    SD_status                                0x08007419   Thumb Code    12  sd_diskio.o(i.SD_status)
    SD_write                                 0x08007425   Thumb Code   138  sd_diskio.o(i.SD_write)
    SVC_Handler                              0x080076a9   Thumb Code     2  stm32f4xx_it.o(i.SVC_Handler)
    SysTick_Handler                          0x080076bd   Thumb Code     8  stm32f4xx_it.o(i.SysTick_Handler)
    SystemClock_Config                       0x080076c5   Thumb Code   170  main.o(i.SystemClock_Config)
    SystemInit                               0x08007779   Thumb Code    14  system_stm32f4xx.o(i.SystemInit)
    TIM3_IRQHandler                          0x0800778d   Thumb Code    10  stm32f4xx_it.o(i.TIM3_IRQHandler)
    TIM_Base_SetConfig                       0x0800779d   Thumb Code   170  stm32f4xx_hal_tim.o(i.TIM_Base_SetConfig)
    TIM_CCxChannelCmd                        0x08007875   Thumb Code    34  stm32f4xx_hal_tim.o(i.TIM_CCxChannelCmd)
    TIM_ETR_SetConfig                        0x08007897   Thumb Code    22  stm32f4xx_hal_tim.o(i.TIM_ETR_SetConfig)
    TIM_OC2_SetConfig                        0x08007931   Thumb Code   114  stm32f4xx_hal_tim.o(i.TIM_OC2_SetConfig)
    USBD_ClrClassConfig                      0x08007ac7   Thumb Code    28  usbd_core.o(i.USBD_ClrClassConfig)
    USBD_CoreFindEP                          0x08007b21   Thumb Code     6  usbd_core.o(i.USBD_CoreFindEP)
    USBD_CoreFindIF                          0x08007b27   Thumb Code     6  usbd_core.o(i.USBD_CoreFindIF)
    USBD_CtlContinueRx                       0x08007b2d   Thumb Code    24  usbd_ioreq.o(i.USBD_CtlContinueRx)
    USBD_CtlContinueSendData                 0x08007b45   Thumb Code    24  usbd_ioreq.o(i.USBD_CtlContinueSendData)
    USBD_CtlError                            0x08007b5d   Thumb Code    24  usbd_ctlreq.o(i.USBD_CtlError)
    USBD_CtlReceiveStatus                    0x08007b75   Thumb Code    26  usbd_ioreq.o(i.USBD_CtlReceiveStatus)
    USBD_CtlSendData                         0x08007b8f   Thumb Code    34  usbd_ioreq.o(i.USBD_CtlSendData)
    USBD_CtlSendStatus                       0x08007bb1   Thumb Code    26  usbd_ioreq.o(i.USBD_CtlSendStatus)
    USBD_FS_ConfigStrDescriptor              0x08007bcd   Thumb Code    34  usbd_desc.o(i.USBD_FS_ConfigStrDescriptor)
    USBD_FS_DeviceDescriptor                 0x08007c01   Thumb Code    10  usbd_desc.o(i.USBD_FS_DeviceDescriptor)
    USBD_FS_InterfaceStrDescriptor           0x08007c11   Thumb Code    34  usbd_desc.o(i.USBD_FS_InterfaceStrDescriptor)
    USBD_FS_LangIDStrDescriptor              0x08007c49   Thumb Code    10  usbd_desc.o(i.USBD_FS_LangIDStrDescriptor)
    USBD_FS_ManufacturerStrDescriptor        0x08007c59   Thumb Code    20  usbd_desc.o(i.USBD_FS_ManufacturerStrDescriptor)
    USBD_FS_ProductStrDescriptor             0x08007c85   Thumb Code    34  usbd_desc.o(i.USBD_FS_ProductStrDescriptor)
    USBD_FS_SerialStrDescriptor              0x08007cc1   Thumb Code    18  usbd_desc.o(i.USBD_FS_SerialStrDescriptor)
    USBD_GetEpDesc                           0x08007f2b   Thumb Code    80  usbd_core.o(i.USBD_GetEpDesc)
    USBD_GetNextDesc                         0x08007f91   Thumb Code    20  usbd_core.o(i.USBD_GetNextDesc)
    USBD_GetString                           0x08007fff   Thumb Code    84  usbd_ctlreq.o(i.USBD_GetString)
    USBD_Get_USB_Status                      0x08008053   Thumb Code    44  usbd_conf.o(i.USBD_Get_USB_Status)
    USBD_Init                                0x0800807f   Thumb Code    58  usbd_core.o(i.USBD_Init)
    USBD_LL_ClearStallEP                     0x080080b9   Thumb Code    38  usbd_conf.o(i.USBD_LL_ClearStallEP)
    USBD_LL_CloseEP                          0x080080df   Thumb Code    38  usbd_conf.o(i.USBD_LL_CloseEP)
    USBD_LL_DataInStage                      0x08008105   Thumb Code   264  usbd_core.o(i.USBD_LL_DataInStage)
    USBD_LL_DataOutStage                     0x0800820d   Thumb Code   258  usbd_core.o(i.USBD_LL_DataOutStage)
    USBD_LL_DevConnected                     0x0800830f   Thumb Code     6  usbd_core.o(i.USBD_LL_DevConnected)
    USBD_LL_DevDisconnected                  0x08008315   Thumb Code    38  usbd_core.o(i.USBD_LL_DevDisconnected)
    USBD_LL_FlushEP                          0x0800833b   Thumb Code    38  usbd_conf.o(i.USBD_LL_FlushEP)
    USBD_LL_GetRxDataSize                    0x08008361   Thumb Code    18  usbd_conf.o(i.USBD_LL_GetRxDataSize)
    USBD_LL_Init                             0x08008375   Thumb Code   100  usbd_conf.o(i.USBD_LL_Init)
    USBD_LL_IsStallEP                        0x080083dd   Thumb Code    56  usbd_conf.o(i.USBD_LL_IsStallEP)
    USBD_LL_IsoINIncomplete                  0x08008415   Thumb Code    72  usbd_core.o(i.USBD_LL_IsoINIncomplete)
    USBD_LL_IsoOUTIncomplete                 0x0800845d   Thumb Code    72  usbd_core.o(i.USBD_LL_IsoOUTIncomplete)
    USBD_LL_OpenEP                           0x080084a5   Thumb Code    48  usbd_conf.o(i.USBD_LL_OpenEP)
    USBD_LL_PrepareReceive                   0x080084d5   Thumb Code    48  usbd_conf.o(i.USBD_LL_PrepareReceive)
    USBD_LL_Reset                            0x08008505   Thumb Code   108  usbd_core.o(i.USBD_LL_Reset)
    USBD_LL_Resume                           0x08008571   Thumb Code    22  usbd_core.o(i.USBD_LL_Resume)
    USBD_LL_SOF                              0x08008587   Thumb Code    40  usbd_core.o(i.USBD_LL_SOF)
    USBD_LL_SetSpeed                         0x080085af   Thumb Code     8  usbd_core.o(i.USBD_LL_SetSpeed)
    USBD_LL_SetUSBAddress                    0x080085b7   Thumb Code    38  usbd_conf.o(i.USBD_LL_SetUSBAddress)
    USBD_LL_SetupStage                       0x080085dd   Thumb Code   118  usbd_core.o(i.USBD_LL_SetupStage)
    USBD_LL_StallEP                          0x08008653   Thumb Code    38  usbd_conf.o(i.USBD_LL_StallEP)
    USBD_LL_Start                            0x08008679   Thumb Code    30  usbd_conf.o(i.USBD_LL_Start)
    USBD_LL_Suspend                          0x08008697   Thumb Code    20  usbd_core.o(i.USBD_LL_Suspend)
    USBD_LL_Transmit                         0x080086ab   Thumb Code    48  usbd_conf.o(i.USBD_LL_Transmit)
    USBD_MSC_DataIn                          0x080086db   Thumb Code    18  usbd_msc.o(i.USBD_MSC_DataIn)
    USBD_MSC_DataOut                         0x080086ed   Thumb Code    18  usbd_msc.o(i.USBD_MSC_DataOut)
    USBD_MSC_DeInit                          0x08008701   Thumb Code   134  usbd_msc.o(i.USBD_MSC_DeInit)
    USBD_MSC_GetDeviceQualifierDescriptor    0x08008791   Thumb Code    10  usbd_msc.o(i.USBD_MSC_GetDeviceQualifierDescriptor)
    USBD_MSC_GetFSCfgDesc                    0x080087a1   Thumb Code    44  usbd_msc.o(i.USBD_MSC_GetFSCfgDesc)
    USBD_MSC_GetHSCfgDesc                    0x080087d1   Thumb Code    48  usbd_msc.o(i.USBD_MSC_GetHSCfgDesc)
    USBD_MSC_GetOtherSpeedCfgDesc            0x08008805   Thumb Code    44  usbd_msc.o(i.USBD_MSC_GetOtherSpeedCfgDesc)
    USBD_MSC_Init                            0x08008835   Thumb Code   230  usbd_msc.o(i.USBD_MSC_Init)
    USBD_MSC_RegisterStorage                 0x08008925   Thumb Code    24  usbd_msc.o(i.USBD_MSC_RegisterStorage)
    USBD_MSC_Setup                           0x0800893d   Thumb Code   346  usbd_msc.o(i.USBD_MSC_Setup)
    USBD_ParseSetupRequest                   0x08008a97   Thumb Code    54  usbd_ctlreq.o(i.USBD_ParseSetupRequest)
    USBD_RegisterClass                       0x08008acd   Thumb Code    72  usbd_core.o(i.USBD_RegisterClass)
    USBD_RunTestMode                         0x08008b15   Thumb Code     6  usbd_core.o(i.USBD_RunTestMode)
    USBD_SetClassConfig                      0x08008b75   Thumb Code    32  usbd_core.o(i.USBD_SetClassConfig)
    USBD_Start                               0x08008cd1   Thumb Code    12  usbd_core.o(i.USBD_Start)
    USBD_StdDevReq                           0x08008cdd   Thumb Code   174  usbd_ctlreq.o(i.USBD_StdDevReq)
    USBD_StdEPReq                            0x08008d8b   Thumb Code   640  usbd_ctlreq.o(i.USBD_StdEPReq)
    USBD_StdItfReq                           0x0800900b   Thumb Code   174  usbd_ctlreq.o(i.USBD_StdItfReq)
    USBD_static_free                         0x080090b9   Thumb Code     2  usbd_conf.o(i.USBD_static_free)
    USBD_static_malloc                       0x080090bd   Thumb Code     6  usbd_conf.o(i.USBD_static_malloc)
    USB_ActivateEndpoint                     0x080090c9   Thumb Code   202  stm32f4xx_ll_usb.o(i.USB_ActivateEndpoint)
    USB_ActivateSetup                        0x08009199   Thumb Code    40  stm32f4xx_ll_usb.o(i.USB_ActivateSetup)
    USB_CoreInit                             0x080091c1   Thumb Code   128  stm32f4xx_ll_usb.o(i.USB_CoreInit)
    USB_DeactivateEndpoint                   0x0800929d   Thumb Code   318  stm32f4xx_ll_usb.o(i.USB_DeactivateEndpoint)
    USB_DevConnect                           0x080093e9   Thumb Code    36  stm32f4xx_ll_usb.o(i.USB_DevConnect)
    USB_DevDisconnect                        0x0800940d   Thumb Code    36  stm32f4xx_ll_usb.o(i.USB_DevDisconnect)
    USB_DevInit                              0x08009431   Thumb Code   472  stm32f4xx_ll_usb.o(i.USB_DevInit)
    USB_DisableGlobalInt                     0x08009611   Thumb Code    14  stm32f4xx_ll_usb.o(i.USB_DisableGlobalInt)
    USB_EP0StartXfer                         0x08009621   Thumb Code   472  stm32f4xx_ll_usb.o(i.USB_EP0StartXfer)
    USB_EP0_OutStart                         0x080097fd   Thumb Code   106  stm32f4xx_ll_usb.o(i.USB_EP0_OutStart)
    USB_EPClearStall                         0x0800986d   Thumb Code   142  stm32f4xx_ll_usb.o(i.USB_EPClearStall)
    USB_EPSetStall                           0x080098fb   Thumb Code   154  stm32f4xx_ll_usb.o(i.USB_EPSetStall)
    USB_EPStartXfer                          0x08009995   Thumb Code   836  stm32f4xx_ll_usb.o(i.USB_EPStartXfer)
    USB_EPStopXfer                           0x08009cdd   Thumb Code   236  stm32f4xx_ll_usb.o(i.USB_EPStopXfer)
    USB_EnableGlobalInt                      0x08009dc9   Thumb Code    14  stm32f4xx_ll_usb.o(i.USB_EnableGlobalInt)
    USB_FlushRxFifo                          0x08009dd9   Thumb Code    80  stm32f4xx_ll_usb.o(i.USB_FlushRxFifo)
    USB_FlushTxFifo                          0x08009e2d   Thumb Code    84  stm32f4xx_ll_usb.o(i.USB_FlushTxFifo)
    USB_GetDevSpeed                          0x08009e85   Thumb Code    38  stm32f4xx_ll_usb.o(i.USB_GetDevSpeed)
    USB_GetMode                              0x08009eab   Thumb Code    10  stm32f4xx_ll_usb.o(i.USB_GetMode)
    USB_ReadDevAllInEpInterrupt              0x08009eb5   Thumb Code    20  stm32f4xx_ll_usb.o(i.USB_ReadDevAllInEpInterrupt)
    USB_ReadDevAllOutEpInterrupt             0x08009ec9   Thumb Code    20  stm32f4xx_ll_usb.o(i.USB_ReadDevAllOutEpInterrupt)
    USB_ReadDevInEPInterrupt                 0x08009edd   Thumb Code    50  stm32f4xx_ll_usb.o(i.USB_ReadDevInEPInterrupt)
    USB_ReadDevOutEPInterrupt                0x08009f0f   Thumb Code    26  stm32f4xx_ll_usb.o(i.USB_ReadDevOutEPInterrupt)
    USB_ReadInterrupts                       0x08009f29   Thumb Code    10  stm32f4xx_ll_usb.o(i.USB_ReadInterrupts)
    USB_ReadPacket                           0x08009f33   Thumb Code    96  stm32f4xx_ll_usb.o(i.USB_ReadPacket)
    USB_SetCurrentMode                       0x08009f93   Thumb Code   104  stm32f4xx_ll_usb.o(i.USB_SetCurrentMode)
    USB_SetDevAddress                        0x08009ffb   Thumb Code    42  stm32f4xx_ll_usb.o(i.USB_SetDevAddress)
    USB_SetDevSpeed                          0x0800a025   Thumb Code    18  stm32f4xx_ll_usb.o(i.USB_SetDevSpeed)
    USB_SetTurnaroundTime                    0x0800a039   Thumb Code   192  stm32f4xx_ll_usb.o(i.USB_SetTurnaroundTime)
    USB_WritePacket                          0x0800a121   Thumb Code    68  stm32f4xx_ll_usb.o(i.USB_WritePacket)
    UsageFault_Handler                       0x0800a165   Thumb Code     4  stm32f4xx_it.o(i.UsageFault_Handler)
    disk_initialize                          0x0800ab8d   Thumb Code    40  diskio.o(i.disk_initialize)
    disk_ioctl                               0x0800abb9   Thumb Code    36  diskio.o(i.disk_ioctl)
    disk_read                                0x0800abe1   Thumb Code    42  diskio.o(i.disk_read)
    disk_status                              0x0800ac11   Thumb Code    24  diskio.o(i.disk_status)
    disk_write                               0x0800ac2d   Thumb Code    42  diskio.o(i.disk_write)
    f_close                                  0x0800ac85   Thumb Code    44  ff.o(i.f_close)
    f_lseek                                  0x0800acb1   Thumb Code   688  ff.o(i.f_lseek)
    f_mkdir                                  0x0800af61   Thumb Code   350  ff.o(i.f_mkdir)
    f_mount                                  0x0800b0c1   Thumb Code    92  ff.o(i.f_mount)
    f_open                                   0x0800b121   Thumb Code   560  ff.o(i.f_open)
    f_read                                   0x0800b351   Thumb Code   428  ff.o(i.f_read)
    f_sync                                   0x0800b4fd   Thumb Code   160  ff.o(i.f_sync)
    f_write                                  0x0800b59d   Thumb Code   494  ff.o(i.f_write)
    ff_convert                               0x0800b78d   Thumb Code   116  cc936.o(i.ff_convert)
    ff_wtoupper                              0x0800b809   Thumb Code   156  cc936.o(i.ff_wtoupper)
    get_fattime                              0x0800be05   Thumb Code     4  fatfs.o(i.get_fattime)
    main                                     0x0800bf59   Thumb Code   914  main.o(i.main)
    _fp_init                                 0x0800c83b   Thumb Code    10  fpinit.o(x$fpl$fpinit)
    __fplib_config_fpu_vfp                   0x0800c843   Thumb Code     0  fpinit.o(x$fpl$fpinit)
    __fplib_config_pureend_doubles           0x0800c843   Thumb Code     0  fpinit.o(x$fpl$fpinit)
    SD_Driver                                0x0800c9fc   Data          20  sd_diskio.o(.constdata)
    STORAGE_Inquirydata_FS                   0x0800ca10   Data          36  usbd_storage_if.o(.constdata)
    AHBPrescTable                            0x0800ca3c   Data          16  system_stm32f4xx.o(.constdata)
    APBPrescTable                            0x0800ca4c   Data           8  system_stm32f4xx.o(.constdata)
    Region$$Table$$Base                      0x08037634   Number         0  anon$$obj.o(Region$$Table)
    Region$$Table$$Limit                     0x08037654   Number         0  anon$$obj.o(Region$$Table)
    brs                                      0x2000001c   Data           4  main.o(.data)
    flag_1                                   0x20000020   Data           1  main.o(.data)
    flag_2                                   0x20000021   Data           1  main.o(.data)
    BZ_1                                     0x20000022   Data           1  main.o(.data)
    BZ_2                                     0x20000023   Data           1  main.o(.data)
    fr                                       0x20000024   Data           1  main.o(.data)
    i                                        0x20000030   Data           4  stm32f4xx_it.o(.data)
    h                                        0x20000034   Data           4  stm32f4xx_it.o(.data)
    lis3                                     0x2000003c   Data           6  lis3mdl.o(.data)
    TX_Flag                                  0x20000042   Data           1  bsp_driver_sd.o(.data)
    RX_Flag                                  0x20000043   Data           1  bsp_driver_sd.o(.data)
    retSD                                    0x20000050   Data           1  fatfs.o(.data)
    SDPath                                   0x20000051   Data           4  fatfs.o(.data)
    FS_Desc                                  0x20000058   Data          28  usbd_desc.o(.data)
    USBD_FS_DeviceDesc                       0x20000074   Data          18  usbd_desc.o(.data)
    USBD_LangIDDesc                          0x20000088   Data           4  usbd_desc.o(.data)
    USBD_StringSerial                        0x2000008c   Data          26  usbd_desc.o(.data)
    USBD_Storage_Interface_fops_FS           0x200000a8   Data          32  usbd_storage_if.o(.data)
    uwTick                                   0x200000c8   Data           4  stm32f4xx_hal.o(.data)
    uwTickPrio                               0x200000cc   Data           4  stm32f4xx_hal.o(.data)
    uwTickFreq                               0x200000d0   Data           1  stm32f4xx_hal.o(.data)
    SystemCoreClock                          0x200000d4   Data           4  system_stm32f4xx.o(.data)
    USBD_MSC                                 0x200000e0   Data          56  usbd_msc.o(.data)
    MSCInEpAdd                               0x20000142   Data           1  usbd_msc.o(.data)
    MSCOutEpAdd                              0x20000143   Data           1  usbd_msc.o(.data)
    MSC_Page00_Inquiry_Data                  0x20000144   Data           6  usbd_msc_data.o(.data)
    MSC_Page80_Inquiry_Data                  0x2000014a   Data           8  usbd_msc_data.o(.data)
    MSC_Mode_Sense6_data                     0x20000152   Data          23  usbd_msc_data.o(.data)
    MSC_Mode_Sense10_data                    0x20000169   Data          27  usbd_msc_data.o(.data)
    imu                                      0x20000184   Data          20  adxis.o(.bss)
    GyroData                                 0x20000198   Data          36  adxis.o(.bss)
    SDFatFs                                  0x20000218   Data         564  main.o(.bss)
    MyFile                                   0x2000044c   Data         560  main.o(.bss)
    filobj                                   0x2000067c   Data         560  main.o(.bss)
    fADI                                     0x200008ac   Data         560  main.o(.bss)
    fICM                                     0x20000adc   Data         560  main.o(.bss)
    fLM                                      0x20000d0c   Data         560  main.o(.bss)
    ADC_DMA_ConvertedValue_0                 0x20000f3c   Data        3000  main.o(.bss)
    ADC_DMA_ConvertedValue_1                 0x20001af4   Data        3000  main.o(.bss)
    hadc1                                    0x200026ac   Data          72  adc.o(.bss)
    hdma_adc1                                0x200026f4   Data          96  adc.o(.bss)
    hi2c2                                    0x20002754   Data          84  i2c.o(.bss)
    hsd                                      0x200027a8   Data         132  sdio.o(.bss)
    hdma_sdio_rx                             0x2000282c   Data          96  sdio.o(.bss)
    hdma_sdio_tx                             0x2000288c   Data          96  sdio.o(.bss)
    hspi1                                    0x200028ec   Data          88  spi.o(.bss)
    htim2                                    0x20002944   Data          72  tim.o(.bss)
    htim3                                    0x2000298c   Data          72  tim.o(.bss)
    htim4                                    0x200029d4   Data          72  tim.o(.bss)
    tbuf                                     0x20002a1c   Data         180  stm32f4xx_it.o(.bss)
    ttbuf                                    0x20002ad0   Data         180  stm32f4xx_it.o(.bss)
    adc                                      0x20002b84   Data        3000  stm32f4xx_it.o(.bss)
    adcx                                     0x2000373c   Data        2250  stm32f4xx_it.o(.bss)
    hUsbDeviceFS                             0x20004008   Data         732  usb_device.o(.bss)
    USBD_StrDesc                             0x200042e4   Data         512  usbd_desc.o(.bss)
    hpcd_USB_OTG_FS                          0x200044e4   Data        1292  usbd_conf.o(.bss)
    disk                                     0x20004e88   Data          12  ff_gen_drv.o(.bss)
    __libspace_start                         0x20004e94   Data          96  libspace.o(.bss)
    __temporary_stack_top$libspace           0x20004ef4   Data           0  libspace.o(.bss)



==============================================================================

Memory Map of the image

  Image Entry point : 0x080001ad

  Load Region LR_IROM1 (Base: 0x08000000, Size: 0x000377d8, Max: 0x00080000, ABSOLUTE, COMPRESSED[0x00037724])

    Execution Region ER_IROM1 (Exec base: 0x08000000, Load base: 0x08000000, Size: 0x00037654, Max: 0x00080000, ABSOLUTE)

    Exec Addr    Load Addr    Size         Type   Attr      Idx    E Section Name        Object

    0x08000000   0x08000000   0x000001ac   Data   RO            3    RESET               startup_stm32f429xx.o
    0x080001ac   0x080001ac   0x00000008   Code   RO         7645  * !!!main             c_w.l(__main.o)
    0x080001b4   0x080001b4   0x00000034   Code   RO         7831    !!!scatter          c_w.l(__scatter.o)
    0x080001e8   0x080001e8   0x0000005a   Code   RO         7829    !!dczerorl2         c_w.l(__dczerorl2.o)
    0x08000242   0x08000242   0x00000002   PAD
    0x08000244   0x08000244   0x0000001c   Code   RO         7833    !!handler_zi        c_w.l(__scatter_zi.o)
    0x08000260   0x08000260   0x00000002   Code   RO         7699    .ARM.Collect$$libinit$$00000000  c_w.l(libinit.o)
    0x08000262   0x08000262   0x00000004   Code   RO         7711    .ARM.Collect$$libinit$$00000001  c_w.l(libinit2.o)
    0x08000266   0x08000266   0x00000000   Code   RO         7714    .ARM.Collect$$libinit$$00000004  c_w.l(libinit2.o)
    0x08000266   0x08000266   0x00000000   Code   RO         7717    .ARM.Collect$$libinit$$0000000A  c_w.l(libinit2.o)
    0x08000266   0x08000266   0x00000000   Code   RO         7719    .ARM.Collect$$libinit$$0000000C  c_w.l(libinit2.o)
    0x08000266   0x08000266   0x00000000   Code   RO         7721    .ARM.Collect$$libinit$$0000000E  c_w.l(libinit2.o)
    0x08000266   0x08000266   0x00000000   Code   RO         7724    .ARM.Collect$$libinit$$00000011  c_w.l(libinit2.o)
    0x08000266   0x08000266   0x00000000   Code   RO         7726    .ARM.Collect$$libinit$$00000013  c_w.l(libinit2.o)
    0x08000266   0x08000266   0x00000000   Code   RO         7728    .ARM.Collect$$libinit$$00000015  c_w.l(libinit2.o)
    0x08000266   0x08000266   0x00000000   Code   RO         7730    .ARM.Collect$$libinit$$00000017  c_w.l(libinit2.o)
    0x08000266   0x08000266   0x00000000   Code   RO         7732    .ARM.Collect$$libinit$$00000019  c_w.l(libinit2.o)
    0x08000266   0x08000266   0x00000000   Code   RO         7734    .ARM.Collect$$libinit$$0000001B  c_w.l(libinit2.o)
    0x08000266   0x08000266   0x00000000   Code   RO         7736    .ARM.Collect$$libinit$$0000001D  c_w.l(libinit2.o)
    0x08000266   0x08000266   0x00000000   Code   RO         7738    .ARM.Collect$$libinit$$0000001F  c_w.l(libinit2.o)
    0x08000266   0x08000266   0x00000000   Code   RO         7740    .ARM.Collect$$libinit$$00000021  c_w.l(libinit2.o)
    0x08000266   0x08000266   0x00000000   Code   RO         7742    .ARM.Collect$$libinit$$00000023  c_w.l(libinit2.o)
    0x08000266   0x08000266   0x00000000   Code   RO         7744    .ARM.Collect$$libinit$$00000025  c_w.l(libinit2.o)
    0x08000266   0x08000266   0x00000000   Code   RO         7748    .ARM.Collect$$libinit$$0000002C  c_w.l(libinit2.o)
    0x08000266   0x08000266   0x00000000   Code   RO         7750    .ARM.Collect$$libinit$$0000002E  c_w.l(libinit2.o)
    0x08000266   0x08000266   0x00000000   Code   RO         7752    .ARM.Collect$$libinit$$00000030  c_w.l(libinit2.o)
    0x08000266   0x08000266   0x00000000   Code   RO         7754    .ARM.Collect$$libinit$$00000032  c_w.l(libinit2.o)
    0x08000266   0x08000266   0x00000002   Code   RO         7755    .ARM.Collect$$libinit$$00000033  c_w.l(libinit2.o)
    0x08000268   0x08000268   0x00000002   Code   RO         7786    .ARM.Collect$$libshutdown$$00000000  c_w.l(libshutdown.o)
    0x0800026a   0x0800026a   0x00000000   Code   RO         7812    .ARM.Collect$$libshutdown$$00000002  c_w.l(libshutdown2.o)
    0x0800026a   0x0800026a   0x00000000   Code   RO         7814    .ARM.Collect$$libshutdown$$00000004  c_w.l(libshutdown2.o)
    0x0800026a   0x0800026a   0x00000000   Code   RO         7817    .ARM.Collect$$libshutdown$$00000007  c_w.l(libshutdown2.o)
    0x0800026a   0x0800026a   0x00000000   Code   RO         7820    .ARM.Collect$$libshutdown$$0000000A  c_w.l(libshutdown2.o)
    0x0800026a   0x0800026a   0x00000000   Code   RO         7822    .ARM.Collect$$libshutdown$$0000000C  c_w.l(libshutdown2.o)
    0x0800026a   0x0800026a   0x00000000   Code   RO         7825    .ARM.Collect$$libshutdown$$0000000F  c_w.l(libshutdown2.o)
    0x0800026a   0x0800026a   0x00000002   Code   RO         7826    .ARM.Collect$$libshutdown$$00000010  c_w.l(libshutdown2.o)
    0x0800026c   0x0800026c   0x00000000   Code   RO         7657    .ARM.Collect$$rtentry$$00000000  c_w.l(__rtentry.o)
    0x0800026c   0x0800026c   0x00000000   Code   RO         7670    .ARM.Collect$$rtentry$$00000002  c_w.l(__rtentry2.o)
    0x0800026c   0x0800026c   0x00000006   Code   RO         7682    .ARM.Collect$$rtentry$$00000004  c_w.l(__rtentry4.o)
    0x08000272   0x08000272   0x00000000   Code   RO         7672    .ARM.Collect$$rtentry$$00000009  c_w.l(__rtentry2.o)
    0x08000272   0x08000272   0x00000004   Code   RO         7673    .ARM.Collect$$rtentry$$0000000A  c_w.l(__rtentry2.o)
    0x08000276   0x08000276   0x00000000   Code   RO         7675    .ARM.Collect$$rtentry$$0000000C  c_w.l(__rtentry2.o)
    0x08000276   0x08000276   0x00000008   Code   RO         7676    .ARM.Collect$$rtentry$$0000000D  c_w.l(__rtentry2.o)
    0x0800027e   0x0800027e   0x00000002   Code   RO         7703    .ARM.Collect$$rtexit$$00000000  c_w.l(rtexit.o)
    0x08000280   0x08000280   0x00000000   Code   RO         7759    .ARM.Collect$$rtexit$$00000002  c_w.l(rtexit2.o)
    0x08000280   0x08000280   0x00000004   Code   RO         7760    .ARM.Collect$$rtexit$$00000003  c_w.l(rtexit2.o)
    0x08000284   0x08000284   0x00000006   Code   RO         7761    .ARM.Collect$$rtexit$$00000004  c_w.l(rtexit2.o)
    0x0800028a   0x0800028a   0x00000002   PAD
    0x0800028c   0x0800028c   0x00000040   Code   RO            4    .text               startup_stm32f429xx.o
    0x080002cc   0x080002cc   0x000000ee   Code   RO         7633    .text               c_w.l(lludivv7m.o)
    0x080003ba   0x080003ba   0x0000003e   Code   RO         7635    .text               c_w.l(strlen.o)
    0x080003f8   0x080003f8   0x00000064   Code   RO         7637    .text               c_w.l(rt_memcpy_w.o)
    0x0800045c   0x0800045c   0x00000044   Code   RO         7639    .text               c_w.l(rt_memclr.o)
    0x080004a0   0x080004a0   0x0000004e   Code   RO         7641    .text               c_w.l(rt_memclr_w.o)
    0x080004ee   0x080004ee   0x00000006   Code   RO         7643    .text               c_w.l(heapauxi.o)
    0x080004f4   0x080004f4   0x0000004a   Code   RO         7686    .text               c_w.l(sys_stackheap_outer.o)
    0x0800053e   0x0800053e   0x00000012   Code   RO         7688    .text               c_w.l(exit.o)
    0x08000550   0x08000550   0x00000008   Code   RO         7700    .text               c_w.l(libspace.o)
    0x08000558   0x08000558   0x0000000c   Code   RO         7756    .text               c_w.l(sys_exit.o)
    0x08000564   0x08000564   0x00000002   Code   RO         7775    .text               c_w.l(use_no_semi.o)
    0x08000566   0x08000566   0x00000000   Code   RO         7777    .text               c_w.l(indicate_semi.o)
    0x08000566   0x08000566   0x0000007e   Code   RO         3775    i.ADC_DMAConvCplt   stm32f4xx_hal_adc.o
    0x080005e4   0x080005e4   0x0000001a   Code   RO         3776    i.ADC_DMAError      stm32f4xx_hal_adc.o
    0x080005fe   0x080005fe   0x0000000e   Code   RO         3777    i.ADC_DMAHalfConvCplt  stm32f4xx_hal_adc.o
    0x0800060c   0x0800060c   0x00000160   Code   RO         3778    i.ADC_Init          stm32f4xx_hal_adc.o
    0x0800076c   0x0800076c   0x000000a8   Code   RO          290    i.ADX_BurstRead     adxis.o
    0x08000814   0x08000814   0x0000001c   Code   RO          291    i.ADX_Init          adxis.o
    0x08000830   0x08000830   0x00000018   Code   RO          294    i.ADX_Write_Reg     adxis.o
    0x08000848   0x08000848   0x00000050   Code   RO          295    i.ADX_flame_TandR   adxis.o
    0x08000898   0x08000898   0x00000002   Code   RO         1225    i.BSP_SD_AbortCallback  bsp_driver_sd.o
    0x0800089a   0x0800089a   0x00000002   PAD
    0x0800089c   0x0800089c   0x00000014   Code   RO         1228    i.BSP_SD_GetCardInfo  bsp_driver_sd.o
    0x080008b0   0x080008b0   0x00000018   Code   RO         1229    i.BSP_SD_GetCardState  bsp_driver_sd.o
    0x080008c8   0x080008c8   0x00000030   Code   RO         1231    i.BSP_SD_Init       bsp_driver_sd.o
    0x080008f8   0x080008f8   0x0000000c   Code   RO         1232    i.BSP_SD_IsDetected  bsp_driver_sd.o
    0x08000904   0x08000904   0x00000028   Code   RO         1234    i.BSP_SD_ReadBlocks_DMA  bsp_driver_sd.o
    0x0800092c   0x0800092c   0x0000000c   Code   RO         1352    i.BSP_SD_ReadCpltCallback  sd_diskio.o
    0x08000938   0x08000938   0x00000028   Code   RO         1237    i.BSP_SD_WriteBlocks_DMA  bsp_driver_sd.o
    0x08000960   0x08000960   0x0000000c   Code   RO         1353    i.BSP_SD_WriteCpltCallback  sd_diskio.o
    0x0800096c   0x0800096c   0x00000004   Code   RO         1006    i.BusFault_Handler  stm32f4xx_it.o
    0x08000970   0x08000970   0x00000204   Code   RO         1007    i.DMA2_Stream0_IRQHandler  stm32f4xx_it.o
    0x08000b74   0x08000b74   0x00000010   Code   RO         1008    i.DMA2_Stream3_IRQHandler  stm32f4xx_it.o
    0x08000b84   0x08000b84   0x00000010   Code   RO         1009    i.DMA2_Stream6_IRQHandler  stm32f4xx_it.o
    0x08000b94   0x08000b94   0x00000034   Code   RO         3067    i.DMA_CalcBaseAndBitshift  stm32f4xx_hal_dma.o
    0x08000bc8   0x08000bc8   0x000000aa   Code   RO         3068    i.DMA_CheckFifoParam  stm32f4xx_hal_dma.o
    0x08000c72   0x08000c72   0x00000020   Code   RO         3026    i.DMA_MultiBufferSetConfig  stm32f4xx_hal_dma_ex.o
    0x08000c92   0x08000c92   0x0000002c   Code   RO         3069    i.DMA_SetConfig     stm32f4xx_hal_dma.o
    0x08000cbe   0x08000cbe   0x00000002   Code   RO         1010    i.DebugMon_Handler  stm32f4xx_it.o
    0x08000cc0   0x08000cc0   0x00000006   Code   RO          368    i.Error_Handler     main.o
    0x08000cc6   0x08000cc6   0x00000012   Code   RO         6883    i.FATFS_LinkDriver  ff_gen_drv.o
    0x08000cd8   0x08000cd8   0x00000054   Code   RO         6884    i.FATFS_LinkDriverEx  ff_gen_drv.o
    0x08000d2c   0x08000d2c   0x00000034   Code   RO         1548    i.Get_SerialNum     usbd_desc.o
    0x08000d60   0x08000d60   0x000001a4   Code   RO         3780    i.HAL_ADC_ConfigChannel  stm32f4xx_hal_adc.o
    0x08000f04   0x08000f04   0x00000002   Code   RO         3781    i.HAL_ADC_ConvCpltCallback  stm32f4xx_hal_adc.o
    0x08000f06   0x08000f06   0x00000002   Code   RO         3782    i.HAL_ADC_ConvHalfCpltCallback  stm32f4xx_hal_adc.o
    0x08000f08   0x08000f08   0x00000002   Code   RO         3784    i.HAL_ADC_ErrorCallback  stm32f4xx_hal_adc.o
    0x08000f0a   0x08000f0a   0x00000002   PAD
    0x08000f0c   0x08000f0c   0x00000068   Code   RO         3789    i.HAL_ADC_Init      stm32f4xx_hal_adc.o
    0x08000f74   0x08000f74   0x000000d0   Code   RO          632    i.HAL_ADC_MspInit   adc.o
    0x08001044   0x08001044   0x000001b4   Code   RO         3796    i.HAL_ADC_Start_DMA  stm32f4xx_hal_adc.o
    0x080011f8   0x080011f8   0x0000008e   Code   RO         3029    i.HAL_DMAEx_MultiBufferStart_IT  stm32f4xx_hal_dma_ex.o
    0x08001286   0x08001286   0x00000028   Code   RO         3071    i.HAL_DMA_Abort_IT  stm32f4xx_hal_dma.o
    0x080012ae   0x080012ae   0x00000006   Code   RO         3073    i.HAL_DMA_GetError  stm32f4xx_hal_dma.o
    0x080012b4   0x080012b4   0x00000240   Code   RO         3075    i.HAL_DMA_IRQHandler  stm32f4xx_hal_dma.o
    0x080014f4   0x080014f4   0x000000ec   Code   RO         3076    i.HAL_DMA_Init      stm32f4xx_hal_dma.o
    0x080015e0   0x080015e0   0x00000092   Code   RO         3080    i.HAL_DMA_Start_IT  stm32f4xx_hal_dma.o
    0x08001672   0x08001672   0x00000002   PAD
    0x08001674   0x08001674   0x00000028   Code   RO         3512    i.HAL_Delay         stm32f4xx_hal.o
    0x0800169c   0x0800169c   0x00000210   Code   RO         2963    i.HAL_GPIO_Init     stm32f4xx_hal_gpio.o
    0x080018ac   0x080018ac   0x0000000c   Code   RO         2967    i.HAL_GPIO_WritePin  stm32f4xx_hal_gpio.o
    0x080018b8   0x080018b8   0x0000000c   Code   RO         3520    i.HAL_GetTick       stm32f4xx_hal.o
    0x080018c4   0x080018c4   0x0000004c   Code   RO         4525    i.HAL_I2CEx_ConfigAnalogFilter  stm32f4xx_hal_i2c_ex.o
    0x08001910   0x08001910   0x00000050   Code   RO         4526    i.HAL_I2CEx_ConfigDigitalFilter  stm32f4xx_hal_i2c_ex.o
    0x08001960   0x08001960   0x000001d0   Code   RO         4064    i.HAL_I2C_Init      stm32f4xx_hal_i2c.o
    0x08001b30   0x08001b30   0x00000088   Code   RO          821    i.HAL_I2C_MspInit   i2c.o
    0x08001bb8   0x08001bb8   0x00000018   Code   RO         3526    i.HAL_IncTick       stm32f4xx_hal.o
    0x08001bd0   0x08001bd0   0x0000003c   Code   RO         3527    i.HAL_Init          stm32f4xx_hal.o
    0x08001c0c   0x08001c0c   0x0000004c   Code   RO         3528    i.HAL_InitTick      stm32f4xx_hal.o
    0x08001c58   0x08001c58   0x00000048   Code   RO         1131    i.HAL_MspInit       stm32f4xx_hal_msp.o
    0x08001ca0   0x08001ca0   0x00000020   Code   RO         3370    i.HAL_NVIC_EnableIRQ  stm32f4xx_hal_cortex.o
    0x08001cc0   0x08001cc0   0x0000007c   Code   RO         3376    i.HAL_NVIC_SetPriority  stm32f4xx_hal_cortex.o
    0x08001d3c   0x08001d3c   0x00000028   Code   RO         3377    i.HAL_NVIC_SetPriorityGrouping  stm32f4xx_hal_cortex.o
    0x08001d64   0x08001d64   0x00000002   Code   RO         2154    i.HAL_PCDEx_LPM_Callback  stm32f4xx_hal_pcd_ex.o
    0x08001d66   0x08001d66   0x0000000a   Code   RO         2155    i.HAL_PCDEx_SetRxFiFo  stm32f4xx_hal_pcd_ex.o
    0x08001d70   0x08001d70   0x0000004e   Code   RO         2156    i.HAL_PCDEx_SetTxFiFo  stm32f4xx_hal_pcd_ex.o
    0x08001dbe   0x08001dbe   0x0000000e   Code   RO         1702    i.HAL_PCD_ConnectCallback  usbd_conf.o
    0x08001dcc   0x08001dcc   0x00000020   Code   RO         1703    i.HAL_PCD_DataInStageCallback  usbd_conf.o
    0x08001dec   0x08001dec   0x00000020   Code   RO         1704    i.HAL_PCD_DataOutStageCallback  usbd_conf.o
    0x08001e0c   0x08001e0c   0x0000000e   Code   RO         1705    i.HAL_PCD_DisconnectCallback  usbd_conf.o
    0x08001e1a   0x08001e1a   0x00000042   Code   RO         1919    i.HAL_PCD_EP_Abort  stm32f4xx_hal_pcd.o
    0x08001e5c   0x08001e5c   0x0000006a   Code   RO         1920    i.HAL_PCD_EP_Close  stm32f4xx_hal_pcd.o
    0x08001ec6   0x08001ec6   0x0000007c   Code   RO         1921    i.HAL_PCD_EP_ClrStall  stm32f4xx_hal_pcd.o
    0x08001f42   0x08001f42   0x00000044   Code   RO         1922    i.HAL_PCD_EP_Flush  stm32f4xx_hal_pcd.o
    0x08001f86   0x08001f86   0x00000016   Code   RO         1923    i.HAL_PCD_EP_GetRxCount  stm32f4xx_hal_pcd.o
    0x08001f9c   0x08001f9c   0x0000008c   Code   RO         1924    i.HAL_PCD_EP_Open   stm32f4xx_hal_pcd.o
    0x08002028   0x08002028   0x00000058   Code   RO         1925    i.HAL_PCD_EP_Receive  stm32f4xx_hal_pcd.o
    0x08002080   0x08002080   0x0000008a   Code   RO         1926    i.HAL_PCD_EP_SetStall  stm32f4xx_hal_pcd.o
    0x0800210a   0x0800210a   0x0000005a   Code   RO         1927    i.HAL_PCD_EP_Transmit  stm32f4xx_hal_pcd.o
    0x08002164   0x08002164   0x000006ca   Code   RO         1929    i.HAL_PCD_IRQHandler  stm32f4xx_hal_pcd.o
    0x0800282e   0x0800282e   0x00000012   Code   RO         1706    i.HAL_PCD_ISOINIncompleteCallback  usbd_conf.o
    0x08002840   0x08002840   0x00000012   Code   RO         1707    i.HAL_PCD_ISOOUTIncompleteCallback  usbd_conf.o
    0x08002852   0x08002852   0x00000166   Code   RO         1932    i.HAL_PCD_Init      stm32f4xx_hal_pcd.o
    0x080029b8   0x080029b8   0x000000a8   Code   RO         1709    i.HAL_PCD_MspInit   usbd_conf.o
    0x08002a60   0x08002a60   0x00000030   Code   RO         1710    i.HAL_PCD_ResetCallback  usbd_conf.o
    0x08002a90   0x08002a90   0x0000000e   Code   RO         1711    i.HAL_PCD_ResumeCallback  usbd_conf.o
    0x08002a9e   0x08002a9e   0x0000000e   Code   RO         1712    i.HAL_PCD_SOFCallback  usbd_conf.o
    0x08002aac   0x08002aac   0x00000036   Code   RO         1938    i.HAL_PCD_SetAddress  stm32f4xx_hal_pcd.o
    0x08002ae2   0x08002ae2   0x00000012   Code   RO         1713    i.HAL_PCD_SetupStageCallback  usbd_conf.o
    0x08002af4   0x08002af4   0x0000004a   Code   RO         1941    i.HAL_PCD_Start     stm32f4xx_hal_pcd.o
    0x08002b3e   0x08002b3e   0x00000002   PAD
    0x08002b40   0x08002b40   0x00000034   Code   RO         1714    i.HAL_PCD_SuspendCallback  usbd_conf.o
    0x08002b74   0x08002b74   0x00000184   Code   RO         2507    i.HAL_RCC_ClockConfig  stm32f4xx_hal_rcc.o
    0x08002cf8   0x08002cf8   0x0000000c   Code   RO         2512    i.HAL_RCC_GetHCLKFreq  stm32f4xx_hal_rcc.o
    0x08002d04   0x08002d04   0x00000020   Code   RO         2514    i.HAL_RCC_GetPCLK1Freq  stm32f4xx_hal_rcc.o
    0x08002d24   0x08002d24   0x000000b0   Code   RO         2516    i.HAL_RCC_GetSysClockFreq  stm32f4xx_hal_rcc.o
    0x08002dd4   0x08002dd4   0x0000049c   Code   RO         2519    i.HAL_RCC_OscConfig  stm32f4xx_hal_rcc.o
    0x08003270   0x08003270   0x0000000a   Code   RO         1239    i.HAL_SD_AbortCallback  bsp_driver_sd.o
    0x0800327a   0x0800327a   0x00000002   PAD
    0x0800327c   0x0800327c   0x000000c8   Code   RO         4851    i.HAL_SD_ConfigWideBusOperation  stm32f4xx_hal_sd.o
    0x08003344   0x08003344   0x00000002   Code   RO         4854    i.HAL_SD_ErrorCallback  stm32f4xx_hal_sd.o
    0x08003346   0x08003346   0x00000002   PAD
    0x08003348   0x08003348   0x000001c8   Code   RO         4856    i.HAL_SD_GetCardCSD  stm32f4xx_hal_sd.o
    0x08003510   0x08003510   0x00000026   Code   RO         4857    i.HAL_SD_GetCardInfo  stm32f4xx_hal_sd.o
    0x08003536   0x08003536   0x00000024   Code   RO         4858    i.HAL_SD_GetCardState  stm32f4xx_hal_sd.o
    0x0800355a   0x0800355a   0x00000002   PAD
    0x0800355c   0x0800355c   0x0000021c   Code   RO         4862    i.HAL_SD_IRQHandler  stm32f4xx_hal_sd.o
    0x08003778   0x08003778   0x0000003c   Code   RO         4863    i.HAL_SD_Init       stm32f4xx_hal_sd.o
    0x080037b4   0x080037b4   0x000000b0   Code   RO         4864    i.HAL_SD_InitCard   stm32f4xx_hal_sd.o
    0x08003864   0x08003864   0x00000190   Code   RO          863    i.HAL_SD_MspInit    sdio.o
    0x080039f4   0x080039f4   0x00000150   Code   RO         4868    i.HAL_SD_ReadBlocks_DMA  stm32f4xx_hal_sd.o
    0x08003b44   0x08003b44   0x00000014   Code   RO         1240    i.HAL_SD_RxCpltCallback  bsp_driver_sd.o
    0x08003b58   0x08003b58   0x00000014   Code   RO         1241    i.HAL_SD_TxCpltCallback  bsp_driver_sd.o
    0x08003b6c   0x08003b6c   0x00000154   Code   RO         4873    i.HAL_SD_WriteBlocks_DMA  stm32f4xx_hal_sd.o
    0x08003cc0   0x08003cc0   0x000000c8   Code   RO         5114    i.HAL_SPI_Init      stm32f4xx_hal_spi.o
    0x08003d88   0x08003d88   0x00000088   Code   RO          905    i.HAL_SPI_MspInit   spi.o
    0x08003e10   0x08003e10   0x0000022a   Code   RO         5123    i.HAL_SPI_TransmitReceive  stm32f4xx_hal_spi.o
    0x0800403a   0x0800403a   0x00000034   Code   RO         3381    i.HAL_SYSTICK_Config  stm32f4xx_hal_cortex.o
    0x0800406e   0x0800406e   0x00000002   Code   RO         6142    i.HAL_TIMEx_BreakCallback  stm32f4xx_hal_tim_ex.o
    0x08004070   0x08004070   0x00000002   Code   RO         6143    i.HAL_TIMEx_CommutCallback  stm32f4xx_hal_tim_ex.o
    0x08004072   0x08004072   0x00000002   PAD
    0x08004074   0x08004074   0x000000b4   Code   RO         6161    i.HAL_TIMEx_MasterConfigSynchronization  stm32f4xx_hal_tim_ex.o
    0x08004128   0x08004128   0x00000066   Code   RO         5427    i.HAL_TIM_Base_Init  stm32f4xx_hal_tim.o
    0x0800418e   0x0800418e   0x00000002   PAD
    0x08004190   0x08004190   0x0000009c   Code   RO          947    i.HAL_TIM_Base_MspInit  tim.o
    0x0800422c   0x0800422c   0x0000009c   Code   RO         5430    i.HAL_TIM_Base_Start  stm32f4xx_hal_tim.o
    0x080042c8   0x080042c8   0x000000a8   Code   RO         5432    i.HAL_TIM_Base_Start_IT  stm32f4xx_hal_tim.o
    0x08004370   0x08004370   0x0000010c   Code   RO         5436    i.HAL_TIM_ConfigClockSource  stm32f4xx_hal_tim.o
    0x0800447c   0x0800447c   0x00000002   Code   RO         5461    i.HAL_TIM_IC_CaptureCallback  stm32f4xx_hal_tim.o
    0x0800447e   0x0800447e   0x00000196   Code   RO         5475    i.HAL_TIM_IRQHandler  stm32f4xx_hal_tim.o
    0x08004614   0x08004614   0x00000002   Code   RO         5478    i.HAL_TIM_OC_DelayElapsedCallback  stm32f4xx_hal_tim.o
    0x08004616   0x08004616   0x00000104   Code   RO         5499    i.HAL_TIM_PWM_ConfigChannel  stm32f4xx_hal_tim.o
    0x0800471a   0x0800471a   0x00000066   Code   RO         5502    i.HAL_TIM_PWM_Init  stm32f4xx_hal_tim.o
    0x08004780   0x08004780   0x00000002   Code   RO         5504    i.HAL_TIM_PWM_MspInit  stm32f4xx_hal_tim.o
    0x08004782   0x08004782   0x00000002   Code   RO         5505    i.HAL_TIM_PWM_PulseFinishedCallback  stm32f4xx_hal_tim.o
    0x08004784   0x08004784   0x0000010c   Code   RO         5507    i.HAL_TIM_PWM_Start  stm32f4xx_hal_tim.o
    0x08004890   0x08004890   0x00000210   Code   RO         1011    i.HAL_TIM_PeriodElapsedCallback  stm32f4xx_it.o
    0x08004aa0   0x08004aa0   0x00000002   Code   RO         5518    i.HAL_TIM_TriggerCallback  stm32f4xx_hal_tim.o
    0x08004aa2   0x08004aa2   0x00000004   Code   RO         1012    i.HardFault_Handler  stm32f4xx_it.o
    0x08004aa6   0x08004aa6   0x0000003e   Code   RO         1549    i.IntToUnicode      usbd_desc.o
    0x08004ae4   0x08004ae4   0x00000064   Code   RO         7404    i.MSC_BOT_Abort     usbd_msc_bot.o
    0x08004b48   0x08004b48   0x000000f0   Code   RO         7405    i.MSC_BOT_CBW_Decode  usbd_msc_bot.o
    0x08004c38   0x08004c38   0x00000058   Code   RO         7406    i.MSC_BOT_CplClrFeature  usbd_msc_bot.o
    0x08004c90   0x08004c90   0x00000058   Code   RO         7407    i.MSC_BOT_DataIn    usbd_msc_bot.o
    0x08004ce8   0x08004ce8   0x0000004e   Code   RO         7408    i.MSC_BOT_DataOut   usbd_msc_bot.o
    0x08004d36   0x08004d36   0x00000014   Code   RO         7409    i.MSC_BOT_DeInit    usbd_msc_bot.o
    0x08004d4a   0x08004d4a   0x00000002   PAD
    0x08004d4c   0x08004d4c   0x00000068   Code   RO         7410    i.MSC_BOT_Init      usbd_msc_bot.o
    0x08004db4   0x08004db4   0x0000004c   Code   RO         7411    i.MSC_BOT_Reset     usbd_msc_bot.o
    0x08004e00   0x08004e00   0x00000058   Code   RO         7412    i.MSC_BOT_SendCSW   usbd_msc_bot.o
    0x08004e58   0x08004e58   0x00000060   Code   RO         7413    i.MSC_BOT_SendData  usbd_msc_bot.o
    0x08004eb8   0x08004eb8   0x00000084   Code   RO          633    i.MX_ADC1_Init      adc.o
    0x08004f3c   0x08004f3c   0x00000058   Code   RO          793    i.MX_DMA_Init       dma.o
    0x08004f94   0x08004f94   0x0000001c   Code   RO         1444    i.MX_FATFS_Init     fatfs.o
    0x08004fb0   0x08004fb0   0x0000011c   Code   RO          604    i.MX_GPIO_Init      gpio.o
    0x080050cc   0x080050cc   0x00000058   Code   RO          822    i.MX_I2C2_Init      i2c.o
    0x08005124   0x08005124   0x00000030   Code   RO          864    i.MX_SDIO_SD_Init   sdio.o
    0x08005154   0x08005154   0x0000004c   Code   RO          906    i.MX_SPI1_Init      spi.o
    0x080051a0   0x080051a0   0x00000070   Code   RO          949    i.MX_TIM2_Init      tim.o
    0x08005210   0x08005210   0x00000074   Code   RO          950    i.MX_TIM3_Init      tim.o
    0x08005284   0x08005284   0x000000a4   Code   RO          951    i.MX_TIM4_Init      tim.o
    0x08005328   0x08005328   0x0000004c   Code   RO         1485    i.MX_USB_DEVICE_Init  usb_device.o
    0x08005374   0x08005374   0x00000004   Code   RO         1013    i.MemManage_Handler  stm32f4xx_it.o
    0x08005378   0x08005378   0x00000004   Code   RO         1014    i.NMI_Handler       stm32f4xx_it.o
    0x0800537c   0x0800537c   0x00000010   Code   RO         1015    i.OTG_FS_IRQHandler  stm32f4xx_it.o
    0x0800538c   0x0800538c   0x00000064   Code   RO         1945    i.PCD_EP_OutSetupPacket_int  stm32f4xx_hal_pcd.o
    0x080053f0   0x080053f0   0x00000144   Code   RO         1946    i.PCD_EP_OutXfrComplete_int  stm32f4xx_hal_pcd.o
    0x08005534   0x08005534   0x000000b6   Code   RO         1947    i.PCD_WriteEmptyTxFifo  stm32f4xx_hal_pcd.o
    0x080055ea   0x080055ea   0x00000002   Code   RO         1016    i.PendSV_Handler    stm32f4xx_it.o
    0x080055ec   0x080055ec   0x00000034   Code   RO         7504    i.SCSI_AllowPreventRemovable  usbd_msc_scsi.o
    0x08005620   0x08005620   0x00000042   Code   RO         7505    i.SCSI_CheckAddressRange  usbd_msc_scsi.o
    0x08005662   0x08005662   0x00000002   PAD
    0x08005664   0x08005664   0x000000bc   Code   RO         7506    i.SCSI_Inquiry      usbd_msc_scsi.o
    0x08005720   0x08005720   0x0000003c   Code   RO         7507    i.SCSI_ModeSense10  usbd_msc_scsi.o
    0x0800575c   0x0800575c   0x0000003c   Code   RO         7508    i.SCSI_ModeSense6   usbd_msc_scsi.o
    0x08005798   0x08005798   0x00000158   Code   RO         7509    i.SCSI_ProcessCmd   usbd_msc_scsi.o
    0x080058f0   0x080058f0   0x000000cc   Code   RO         7510    i.SCSI_ProcessRead  usbd_msc_scsi.o
    0x080059bc   0x080059bc   0x000000f4   Code   RO         7511    i.SCSI_ProcessWrite  usbd_msc_scsi.o
    0x08005ab0   0x08005ab0   0x00000104   Code   RO         7512    i.SCSI_Read10       usbd_msc_scsi.o
    0x08005bb4   0x08005bb4   0x00000110   Code   RO         7513    i.SCSI_Read12       usbd_msc_scsi.o
    0x08005cc4   0x08005cc4   0x000000a2   Code   RO         7514    i.SCSI_ReadCapacity10  usbd_msc_scsi.o
    0x08005d66   0x08005d66   0x000000e4   Code   RO         7515    i.SCSI_ReadCapacity16  usbd_msc_scsi.o
    0x08005e4a   0x08005e4a   0x000000ac   Code   RO         7516    i.SCSI_ReadFormatCapacity  usbd_msc_scsi.o
    0x08005ef6   0x08005ef6   0x000000ba   Code   RO         7517    i.SCSI_RequestSense  usbd_msc_scsi.o
    0x08005fb0   0x08005fb0   0x00000056   Code   RO         7518    i.SCSI_SenseCode    usbd_msc_scsi.o
    0x08006006   0x08006006   0x0000007a   Code   RO         7519    i.SCSI_StartStopUnit  usbd_msc_scsi.o
    0x08006080   0x08006080   0x0000008a   Code   RO         7520    i.SCSI_TestUnitReady  usbd_msc_scsi.o
    0x0800610a   0x0800610a   0x00000028   Code   RO         7521    i.SCSI_UpdateBotData  usbd_msc_scsi.o
    0x08006132   0x08006132   0x0000005c   Code   RO         7522    i.SCSI_Verify10     usbd_msc_scsi.o
    0x0800618e   0x0800618e   0x00000002   PAD
    0x08006190   0x08006190   0x00000158   Code   RO         7523    i.SCSI_Write10      usbd_msc_scsi.o
    0x080062e8   0x080062e8   0x00000168   Code   RO         7524    i.SCSI_Write12      usbd_msc_scsi.o
    0x08006450   0x08006450   0x0000002c   Code   RO         4555    i.SDIO_ConfigData   stm32f4xx_ll_sdmmc.o
    0x0800647c   0x0800647c   0x00000008   Code   RO         4556    i.SDIO_GetCommandResponse  stm32f4xx_ll_sdmmc.o
    0x08006484   0x08006484   0x0000000a   Code   RO         4559    i.SDIO_GetPowerState  stm32f4xx_ll_sdmmc.o
    0x0800648e   0x0800648e   0x0000000c   Code   RO         4560    i.SDIO_GetResponse  stm32f4xx_ll_sdmmc.o
    0x0800649a   0x0800649a   0x00000002   PAD
    0x0800649c   0x0800649c   0x00000010   Code   RO         1017    i.SDIO_IRQHandler   stm32f4xx_it.o
    0x080064ac   0x080064ac   0x00000034   Code   RO         4561    i.SDIO_Init         stm32f4xx_ll_sdmmc.o
    0x080064e0   0x080064e0   0x0000000a   Code   RO         4563    i.SDIO_PowerState_ON  stm32f4xx_ll_sdmmc.o
    0x080064ea   0x080064ea   0x00000008   Code   RO         4564    i.SDIO_ReadFIFO     stm32f4xx_ll_sdmmc.o
    0x080064f2   0x080064f2   0x00000028   Code   RO         4565    i.SDIO_SendCommand  stm32f4xx_ll_sdmmc.o
    0x0800651a   0x0800651a   0x0000000c   Code   RO         4567    i.SDIO_WriteFIFO    stm32f4xx_ll_sdmmc.o
    0x08006526   0x08006526   0x00000038   Code   RO         4568    i.SDMMC_CmdAppCommand  stm32f4xx_ll_sdmmc.o
    0x0800655e   0x0800655e   0x00000002   PAD
    0x08006560   0x08006560   0x0000003c   Code   RO         4569    i.SDMMC_CmdAppOperCommand  stm32f4xx_ll_sdmmc.o
    0x0800659c   0x0800659c   0x00000038   Code   RO         4570    i.SDMMC_CmdBlockLength  stm32f4xx_ll_sdmmc.o
    0x080065d4   0x080065d4   0x00000038   Code   RO         4571    i.SDMMC_CmdBusWidth  stm32f4xx_ll_sdmmc.o
    0x0800660c   0x0800660c   0x0000002c   Code   RO         4575    i.SDMMC_CmdGoIdleState  stm32f4xx_ll_sdmmc.o
    0x08006638   0x08006638   0x00000034   Code   RO         4577    i.SDMMC_CmdOperCond  stm32f4xx_ll_sdmmc.o
    0x0800666c   0x0800666c   0x00000038   Code   RO         4578    i.SDMMC_CmdReadMultiBlock  stm32f4xx_ll_sdmmc.o
    0x080066a4   0x080066a4   0x00000038   Code   RO         4579    i.SDMMC_CmdReadSingleBlock  stm32f4xx_ll_sdmmc.o
    0x080066dc   0x080066dc   0x0000003a   Code   RO         4582    i.SDMMC_CmdSelDesel  stm32f4xx_ll_sdmmc.o
    0x08006716   0x08006716   0x00000032   Code   RO         4583    i.SDMMC_CmdSendCID  stm32f4xx_ll_sdmmc.o
    0x08006748   0x08006748   0x00000032   Code   RO         4584    i.SDMMC_CmdSendCSD  stm32f4xx_ll_sdmmc.o
    0x0800677a   0x0800677a   0x00000038   Code   RO         4586    i.SDMMC_CmdSendSCR  stm32f4xx_ll_sdmmc.o
    0x080067b2   0x080067b2   0x00000038   Code   RO         4587    i.SDMMC_CmdSendStatus  stm32f4xx_ll_sdmmc.o
    0x080067ea   0x080067ea   0x00000038   Code   RO         4588    i.SDMMC_CmdSetRelAdd  stm32f4xx_ll_sdmmc.o
    0x08006822   0x08006822   0x00000002   PAD
    0x08006824   0x08006824   0x0000003c   Code   RO         4591    i.SDMMC_CmdStopTransfer  stm32f4xx_ll_sdmmc.o
    0x08006860   0x08006860   0x00000038   Code   RO         4593    i.SDMMC_CmdWriteMultiBlock  stm32f4xx_ll_sdmmc.o
    0x08006898   0x08006898   0x00000038   Code   RO         4594    i.SDMMC_CmdWriteSingleBlock  stm32f4xx_ll_sdmmc.o
    0x080068d0   0x080068d0   0x00000040   Code   RO         4595    i.SDMMC_GetCmdError  stm32f4xx_ll_sdmmc.o
    0x08006910   0x08006910   0x000001ac   Code   RO         4596    i.SDMMC_GetCmdResp1  stm32f4xx_ll_sdmmc.o
    0x08006abc   0x08006abc   0x00000064   Code   RO         4597    i.SDMMC_GetCmdResp2  stm32f4xx_ll_sdmmc.o
    0x08006b20   0x08006b20   0x00000058   Code   RO         4598    i.SDMMC_GetCmdResp3  stm32f4xx_ll_sdmmc.o
    0x08006b78   0x08006b78   0x000000b8   Code   RO         4599    i.SDMMC_GetCmdResp6  stm32f4xx_ll_sdmmc.o
    0x08006c30   0x08006c30   0x0000006c   Code   RO         4600    i.SDMMC_GetCmdResp7  stm32f4xx_ll_sdmmc.o
    0x08006c9c   0x08006c9c   0x00000028   Code   RO         1354    i.SD_CheckStatus    sd_diskio.o
    0x08006cc4   0x08006cc4   0x00000026   Code   RO         1355    i.SD_CheckStatusWithTimeout  sd_diskio.o
    0x08006cea   0x08006cea   0x00000002   PAD
    0x08006cec   0x08006cec   0x00000074   Code   RO         4875    i.SD_DMAError       stm32f4xx_hal_sd.o
    0x08006d60   0x08006d60   0x00000048   Code   RO         4876    i.SD_DMAReceiveCplt  stm32f4xx_hal_sd.o
    0x08006da8   0x08006da8   0x00000048   Code   RO         4877    i.SD_DMARxAbort     stm32f4xx_hal_sd.o
    0x08006df0   0x08006df0   0x00000012   Code   RO         4878    i.SD_DMATransmitCplt  stm32f4xx_hal_sd.o
    0x08006e02   0x08006e02   0x00000048   Code   RO         4879    i.SD_DMATxAbort     stm32f4xx_hal_sd.o
    0x08006e4a   0x08006e4a   0x00000144   Code   RO         4880    i.SD_FindSCR        stm32f4xx_hal_sd.o
    0x08006f8e   0x08006f8e   0x00000102   Code   RO         4881    i.SD_InitCard       stm32f4xx_hal_sd.o
    0x08007090   0x08007090   0x000000cc   Code   RO         4883    i.SD_PowerON        stm32f4xx_hal_sd.o
    0x0800715c   0x0800715c   0x0000004a   Code   RO         4884    i.SD_Read_IT        stm32f4xx_hal_sd.o
    0x080071a6   0x080071a6   0x00000030   Code   RO         4886    i.SD_SendStatus     stm32f4xx_hal_sd.o
    0x080071d6   0x080071d6   0x00000068   Code   RO         4887    i.SD_WideBus_Disable  stm32f4xx_hal_sd.o
    0x0800723e   0x0800723e   0x00000068   Code   RO         4888    i.SD_WideBus_Enable  stm32f4xx_hal_sd.o
    0x080072a6   0x080072a6   0x00000054   Code   RO         4889    i.SD_Write_IT       stm32f4xx_hal_sd.o
    0x080072fa   0x080072fa   0x00000002   PAD
    0x080072fc   0x080072fc   0x00000020   Code   RO         1356    i.SD_initialize     sd_diskio.o
    0x0800731c   0x0800731c   0x0000006c   Code   RO         1357    i.SD_ioctl          sd_diskio.o
    0x08007388   0x08007388   0x00000090   Code   RO         1358    i.SD_read           sd_diskio.o
    0x08007418   0x08007418   0x0000000c   Code   RO         1359    i.SD_status         sd_diskio.o
    0x08007424   0x08007424   0x00000090   Code   RO         1360    i.SD_write          sd_diskio.o
    0x080074b4   0x080074b4   0x0000006c   Code   RO         5152    i.SPI_EndRxTxTransaction  stm32f4xx_hal_spi.o
    0x08007520   0x08007520   0x000000d8   Code   RO         5157    i.SPI_WaitFlagStateUntilTimeout  stm32f4xx_hal_spi.o
    0x080075f8   0x080075f8   0x0000002c   Code   RO         1638    i.STORAGE_GetCapacity_FS  usbd_storage_if.o
    0x08007624   0x08007624   0x00000004   Code   RO         1639    i.STORAGE_GetMaxLun_FS  usbd_storage_if.o
    0x08007628   0x08007628   0x00000014   Code   RO         1640    i.STORAGE_Init_FS   usbd_storage_if.o
    0x0800763c   0x0800763c   0x00000014   Code   RO         1641    i.STORAGE_IsReady_FS  usbd_storage_if.o
    0x08007650   0x08007650   0x00000006   Code   RO         1642    i.STORAGE_IsWriteProtected_FS  usbd_storage_if.o
    0x08007656   0x08007656   0x00000002   PAD
    0x08007658   0x08007658   0x00000028   Code   RO         1643    i.STORAGE_Read_FS   usbd_storage_if.o
    0x08007680   0x08007680   0x00000028   Code   RO         1644    i.STORAGE_Write_FS  usbd_storage_if.o
    0x080076a8   0x080076a8   0x00000002   Code   RO         1018    i.SVC_Handler       stm32f4xx_it.o
    0x080076aa   0x080076aa   0x00000012   Code   RO         7157    i.SWAPBYTE          usbd_ctlreq.o
    0x080076bc   0x080076bc   0x00000008   Code   RO         1019    i.SysTick_Handler   stm32f4xx_it.o
    0x080076c4   0x080076c4   0x000000b4   Code   RO          370    i.SystemClock_Config  main.o
    0x08007778   0x08007778   0x00000014   Code   RO         6410    i.SystemInit        system_stm32f4xx.o
    0x0800778c   0x0800778c   0x00000010   Code   RO         1020    i.TIM3_IRQHandler   stm32f4xx_it.o
    0x0800779c   0x0800779c   0x000000d8   Code   RO         5520    i.TIM_Base_SetConfig  stm32f4xx_hal_tim.o
    0x08007874   0x08007874   0x00000022   Code   RO         5521    i.TIM_CCxChannelCmd  stm32f4xx_hal_tim.o
    0x08007896   0x08007896   0x00000016   Code   RO         5531    i.TIM_ETR_SetConfig  stm32f4xx_hal_tim.o
    0x080078ac   0x080078ac   0x00000012   Code   RO         5532    i.TIM_ITRx_SetConfig  stm32f4xx_hal_tim.o
    0x080078be   0x080078be   0x00000002   PAD
    0x080078c0   0x080078c0   0x00000070   Code   RO         5533    i.TIM_OC1_SetConfig  stm32f4xx_hal_tim.o
    0x08007930   0x08007930   0x0000007c   Code   RO         5534    i.TIM_OC2_SetConfig  stm32f4xx_hal_tim.o
    0x080079ac   0x080079ac   0x00000078   Code   RO         5535    i.TIM_OC3_SetConfig  stm32f4xx_hal_tim.o
    0x08007a24   0x08007a24   0x00000054   Code   RO         5536    i.TIM_OC4_SetConfig  stm32f4xx_hal_tim.o
    0x08007a78   0x08007a78   0x00000026   Code   RO         5538    i.TIM_TI1_ConfigInputStage  stm32f4xx_hal_tim.o
    0x08007a9e   0x08007a9e   0x00000028   Code   RO         5540    i.TIM_TI2_ConfigInputStage  stm32f4xx_hal_tim.o
    0x08007ac6   0x08007ac6   0x0000001c   Code   RO         6995    i.USBD_ClrClassConfig  usbd_core.o
    0x08007ae2   0x08007ae2   0x0000003e   Code   RO         7158    i.USBD_ClrFeature   usbd_ctlreq.o
    0x08007b20   0x08007b20   0x00000006   Code   RO         6996    i.USBD_CoreFindEP   usbd_core.o
    0x08007b26   0x08007b26   0x00000006   Code   RO         6997    i.USBD_CoreFindIF   usbd_core.o
    0x08007b2c   0x08007b2c   0x00000018   Code   RO         7260    i.USBD_CtlContinueRx  usbd_ioreq.o
    0x08007b44   0x08007b44   0x00000018   Code   RO         7261    i.USBD_CtlContinueSendData  usbd_ioreq.o
    0x08007b5c   0x08007b5c   0x00000018   Code   RO         7159    i.USBD_CtlError     usbd_ctlreq.o
    0x08007b74   0x08007b74   0x0000001a   Code   RO         7263    i.USBD_CtlReceiveStatus  usbd_ioreq.o
    0x08007b8e   0x08007b8e   0x00000022   Code   RO         7264    i.USBD_CtlSendData  usbd_ioreq.o
    0x08007bb0   0x08007bb0   0x0000001a   Code   RO         7265    i.USBD_CtlSendStatus  usbd_ioreq.o
    0x08007bca   0x08007bca   0x00000002   PAD
    0x08007bcc   0x08007bcc   0x00000034   Code   RO         1550    i.USBD_FS_ConfigStrDescriptor  usbd_desc.o
    0x08007c00   0x08007c00   0x00000010   Code   RO         1551    i.USBD_FS_DeviceDescriptor  usbd_desc.o
    0x08007c10   0x08007c10   0x00000038   Code   RO         1552    i.USBD_FS_InterfaceStrDescriptor  usbd_desc.o
    0x08007c48   0x08007c48   0x00000010   Code   RO         1553    i.USBD_FS_LangIDStrDescriptor  usbd_desc.o
    0x08007c58   0x08007c58   0x0000002c   Code   RO         1554    i.USBD_FS_ManufacturerStrDescriptor  usbd_desc.o
    0x08007c84   0x08007c84   0x0000003c   Code   RO         1555    i.USBD_FS_ProductStrDescriptor  usbd_desc.o
    0x08007cc0   0x08007cc0   0x00000018   Code   RO         1556    i.USBD_FS_SerialStrDescriptor  usbd_desc.o
    0x08007cd8   0x08007cd8   0x00000056   Code   RO         7160    i.USBD_GetConfig    usbd_ctlreq.o
    0x08007d2e   0x08007d2e   0x000001fc   Code   RO         7161    i.USBD_GetDescriptor  usbd_ctlreq.o
    0x08007f2a   0x08007f2a   0x00000050   Code   RO         6999    i.USBD_GetEpDesc    usbd_core.o
    0x08007f7a   0x08007f7a   0x00000016   Code   RO         7162    i.USBD_GetLen       usbd_ctlreq.o
    0x08007f90   0x08007f90   0x00000014   Code   RO         7000    i.USBD_GetNextDesc  usbd_core.o
    0x08007fa4   0x08007fa4   0x0000005a   Code   RO         7163    i.USBD_GetStatus    usbd_ctlreq.o
    0x08007ffe   0x08007ffe   0x00000054   Code   RO         7164    i.USBD_GetString    usbd_ctlreq.o
    0x08008052   0x08008052   0x0000002c   Code   RO         1715    i.USBD_Get_USB_Status  usbd_conf.o
    0x0800807e   0x0800807e   0x0000003a   Code   RO         7001    i.USBD_Init         usbd_core.o
    0x080080b8   0x080080b8   0x00000026   Code   RO         1716    i.USBD_LL_ClearStallEP  usbd_conf.o
    0x080080de   0x080080de   0x00000026   Code   RO         1717    i.USBD_LL_CloseEP   usbd_conf.o
    0x08008104   0x08008104   0x00000108   Code   RO         7002    i.USBD_LL_DataInStage  usbd_core.o
    0x0800820c   0x0800820c   0x00000102   Code   RO         7003    i.USBD_LL_DataOutStage  usbd_core.o
    0x0800830e   0x0800830e   0x00000006   Code   RO         7004    i.USBD_LL_DevConnected  usbd_core.o
    0x08008314   0x08008314   0x00000026   Code   RO         7005    i.USBD_LL_DevDisconnected  usbd_core.o
    0x0800833a   0x0800833a   0x00000026   Code   RO         1720    i.USBD_LL_FlushEP   usbd_conf.o
    0x08008360   0x08008360   0x00000012   Code   RO         1721    i.USBD_LL_GetRxDataSize  usbd_conf.o
    0x08008372   0x08008372   0x00000002   PAD
    0x08008374   0x08008374   0x00000068   Code   RO         1722    i.USBD_LL_Init      usbd_conf.o
    0x080083dc   0x080083dc   0x00000038   Code   RO         1723    i.USBD_LL_IsStallEP  usbd_conf.o
    0x08008414   0x08008414   0x00000048   Code   RO         7006    i.USBD_LL_IsoINIncomplete  usbd_core.o
    0x0800845c   0x0800845c   0x00000048   Code   RO         7007    i.USBD_LL_IsoOUTIncomplete  usbd_core.o
    0x080084a4   0x080084a4   0x00000030   Code   RO         1724    i.USBD_LL_OpenEP    usbd_conf.o
    0x080084d4   0x080084d4   0x00000030   Code   RO         1725    i.USBD_LL_PrepareReceive  usbd_conf.o
    0x08008504   0x08008504   0x0000006c   Code   RO         7008    i.USBD_LL_Reset     usbd_core.o
    0x08008570   0x08008570   0x00000016   Code   RO         7009    i.USBD_LL_Resume    usbd_core.o
    0x08008586   0x08008586   0x00000028   Code   RO         7010    i.USBD_LL_SOF       usbd_core.o
    0x080085ae   0x080085ae   0x00000008   Code   RO         7011    i.USBD_LL_SetSpeed  usbd_core.o
    0x080085b6   0x080085b6   0x00000026   Code   RO         1726    i.USBD_LL_SetUSBAddress  usbd_conf.o
    0x080085dc   0x080085dc   0x00000076   Code   RO         7012    i.USBD_LL_SetupStage  usbd_core.o
    0x08008652   0x08008652   0x00000026   Code   RO         1727    i.USBD_LL_StallEP   usbd_conf.o
    0x08008678   0x08008678   0x0000001e   Code   RO         1728    i.USBD_LL_Start     usbd_conf.o
    0x08008696   0x08008696   0x00000014   Code   RO         7013    i.USBD_LL_Suspend   usbd_core.o
    0x080086aa   0x080086aa   0x00000030   Code   RO         1730    i.USBD_LL_Transmit  usbd_conf.o
    0x080086da   0x080086da   0x00000012   Code   RO         7320    i.USBD_MSC_DataIn   usbd_msc.o
    0x080086ec   0x080086ec   0x00000012   Code   RO         7321    i.USBD_MSC_DataOut  usbd_msc.o
    0x080086fe   0x080086fe   0x00000002   PAD
    0x08008700   0x08008700   0x00000090   Code   RO         7322    i.USBD_MSC_DeInit   usbd_msc.o
    0x08008790   0x08008790   0x00000010   Code   RO         7323    i.USBD_MSC_GetDeviceQualifierDescriptor  usbd_msc.o
    0x080087a0   0x080087a0   0x00000030   Code   RO         7324    i.USBD_MSC_GetFSCfgDesc  usbd_msc.o
    0x080087d0   0x080087d0   0x00000034   Code   RO         7325    i.USBD_MSC_GetHSCfgDesc  usbd_msc.o
    0x08008804   0x08008804   0x00000030   Code   RO         7326    i.USBD_MSC_GetOtherSpeedCfgDesc  usbd_msc.o
    0x08008834   0x08008834   0x000000f0   Code   RO         7327    i.USBD_MSC_Init     usbd_msc.o
    0x08008924   0x08008924   0x00000018   Code   RO         7328    i.USBD_MSC_RegisterStorage  usbd_msc.o
    0x0800893c   0x0800893c   0x0000015a   Code   RO         7329    i.USBD_MSC_Setup    usbd_msc.o
    0x08008a96   0x08008a96   0x00000036   Code   RO         7165    i.USBD_ParseSetupRequest  usbd_ctlreq.o
    0x08008acc   0x08008acc   0x00000048   Code   RO         7014    i.USBD_RegisterClass  usbd_core.o
    0x08008b14   0x08008b14   0x00000006   Code   RO         7015    i.USBD_RunTestMode  usbd_core.o
    0x08008b1a   0x08008b1a   0x0000005a   Code   RO         7166    i.USBD_SetAddress   usbd_ctlreq.o
    0x08008b74   0x08008b74   0x00000020   Code   RO         7016    i.USBD_SetClassConfig  usbd_core.o
    0x08008b94   0x08008b94   0x00000104   Code   RO         7167    i.USBD_SetConfig    usbd_ctlreq.o
    0x08008c98   0x08008c98   0x00000038   Code   RO         7168    i.USBD_SetFeature   usbd_ctlreq.o
    0x08008cd0   0x08008cd0   0x0000000c   Code   RO         7017    i.USBD_Start        usbd_core.o
    0x08008cdc   0x08008cdc   0x000000ae   Code   RO         7169    i.USBD_StdDevReq    usbd_ctlreq.o
    0x08008d8a   0x08008d8a   0x00000280   Code   RO         7170    i.USBD_StdEPReq     usbd_ctlreq.o
    0x0800900a   0x0800900a   0x000000ae   Code   RO         7171    i.USBD_StdItfReq    usbd_ctlreq.o
    0x080090b8   0x080090b8   0x00000002   Code   RO         1731    i.USBD_static_free  usbd_conf.o
    0x080090ba   0x080090ba   0x00000002   PAD
    0x080090bc   0x080090bc   0x0000000c   Code   RO         1732    i.USBD_static_malloc  usbd_conf.o
    0x080090c8   0x080090c8   0x000000d0   Code   RO         2196    i.USB_ActivateEndpoint  stm32f4xx_ll_usb.o
    0x08009198   0x08009198   0x00000028   Code   RO         2198    i.USB_ActivateSetup  stm32f4xx_ll_usb.o
    0x080091c0   0x080091c0   0x00000084   Code   RO         2200    i.USB_CoreInit      stm32f4xx_ll_usb.o
    0x08009244   0x08009244   0x00000058   Code   RO         2201    i.USB_CoreReset     stm32f4xx_ll_usb.o
    0x0800929c   0x0800929c   0x0000014c   Code   RO         2204    i.USB_DeactivateEndpoint  stm32f4xx_ll_usb.o
    0x080093e8   0x080093e8   0x00000024   Code   RO         2205    i.USB_DevConnect    stm32f4xx_ll_usb.o
    0x0800940c   0x0800940c   0x00000024   Code   RO         2206    i.USB_DevDisconnect  stm32f4xx_ll_usb.o
    0x08009430   0x08009430   0x000001e0   Code   RO         2207    i.USB_DevInit       stm32f4xx_ll_usb.o
    0x08009610   0x08009610   0x0000000e   Code   RO         2208    i.USB_DisableGlobalInt  stm32f4xx_ll_usb.o
    0x0800961e   0x0800961e   0x00000002   PAD
    0x08009620   0x08009620   0x000001dc   Code   RO         2211    i.USB_EP0StartXfer  stm32f4xx_ll_usb.o
    0x080097fc   0x080097fc   0x00000070   Code   RO         2212    i.USB_EP0_OutStart  stm32f4xx_ll_usb.o
    0x0800986c   0x0800986c   0x0000008e   Code   RO         2213    i.USB_EPClearStall  stm32f4xx_ll_usb.o
    0x080098fa   0x080098fa   0x0000009a   Code   RO         2214    i.USB_EPSetStall    stm32f4xx_ll_usb.o
    0x08009994   0x08009994   0x00000348   Code   RO         2215    i.USB_EPStartXfer   stm32f4xx_ll_usb.o
    0x08009cdc   0x08009cdc   0x000000ec   Code   RO         2216    i.USB_EPStopXfer    stm32f4xx_ll_usb.o
    0x08009dc8   0x08009dc8   0x0000000e   Code   RO         2217    i.USB_EnableGlobalInt  stm32f4xx_ll_usb.o
    0x08009dd6   0x08009dd6   0x00000002   PAD
    0x08009dd8   0x08009dd8   0x00000054   Code   RO         2218    i.USB_FlushRxFifo   stm32f4xx_ll_usb.o
    0x08009e2c   0x08009e2c   0x00000058   Code   RO         2219    i.USB_FlushTxFifo   stm32f4xx_ll_usb.o
    0x08009e84   0x08009e84   0x00000026   Code   RO         2221    i.USB_GetDevSpeed   stm32f4xx_ll_usb.o
    0x08009eaa   0x08009eaa   0x0000000a   Code   RO         2223    i.USB_GetMode       stm32f4xx_ll_usb.o
    0x08009eb4   0x08009eb4   0x00000014   Code   RO         2230    i.USB_ReadDevAllInEpInterrupt  stm32f4xx_ll_usb.o
    0x08009ec8   0x08009ec8   0x00000014   Code   RO         2231    i.USB_ReadDevAllOutEpInterrupt  stm32f4xx_ll_usb.o
    0x08009edc   0x08009edc   0x00000032   Code   RO         2232    i.USB_ReadDevInEPInterrupt  stm32f4xx_ll_usb.o
    0x08009f0e   0x08009f0e   0x0000001a   Code   RO         2233    i.USB_ReadDevOutEPInterrupt  stm32f4xx_ll_usb.o
    0x08009f28   0x08009f28   0x0000000a   Code   RO         2234    i.USB_ReadInterrupts  stm32f4xx_ll_usb.o
    0x08009f32   0x08009f32   0x00000060   Code   RO         2235    i.USB_ReadPacket    stm32f4xx_ll_usb.o
    0x08009f92   0x08009f92   0x00000068   Code   RO         2237    i.USB_SetCurrentMode  stm32f4xx_ll_usb.o
    0x08009ffa   0x08009ffa   0x0000002a   Code   RO         2238    i.USB_SetDevAddress  stm32f4xx_ll_usb.o
    0x0800a024   0x0800a024   0x00000012   Code   RO         2239    i.USB_SetDevSpeed   stm32f4xx_ll_usb.o
    0x0800a036   0x0800a036   0x00000002   PAD
    0x0800a038   0x0800a038   0x000000e8   Code   RO         2240    i.USB_SetTurnaroundTime  stm32f4xx_ll_usb.o
    0x0800a120   0x0800a120   0x00000044   Code   RO         2243    i.USB_WritePacket   stm32f4xx_ll_usb.o
    0x0800a164   0x0800a164   0x00000004   Code   RO         1021    i.UsageFault_Handler  stm32f4xx_it.o
    0x0800a168   0x0800a168   0x00000010   Code   RO         3383    i.__NVIC_GetPriorityGrouping  stm32f4xx_hal_cortex.o
    0x0800a178   0x0800a178   0x00000028   Code   RO         3384    i.__NVIC_SetPriority  stm32f4xx_hal_cortex.o
    0x0800a1a0   0x0800a1a0   0x0000007c   Code   RO         6501    i.check_fs          ff.o
    0x0800a21c   0x0800a21c   0x00000014   Code   RO         6502    i.chk_chr           ff.o
    0x0800a230   0x0800a230   0x0000007c   Code   RO         6503    i.chk_lock          ff.o
    0x0800a2ac   0x0800a2ac   0x00000028   Code   RO         6504    i.clear_lock        ff.o
    0x0800a2d4   0x0800a2d4   0x00000032   Code   RO         6505    i.clmt_clust        ff.o
    0x0800a306   0x0800a306   0x0000001a   Code   RO         6506    i.clust2sect        ff.o
    0x0800a320   0x0800a320   0x00000098   Code   RO         6507    i.cmp_lfn           ff.o
    0x0800a3b8   0x0800a3b8   0x000000de   Code   RO         6508    i.create_chain      ff.o
    0x0800a496   0x0800a496   0x00000002   PAD
    0x0800a498   0x0800a498   0x0000026c   Code   RO         6509    i.create_name       ff.o
    0x0800a704   0x0800a704   0x00000044   Code   RO         6510    i.dec_lock          ff.o
    0x0800a748   0x0800a748   0x00000060   Code   RO         6511    i.dir_alloc         ff.o
    0x0800a7a8   0x0800a7a8   0x000000fc   Code   RO         6512    i.dir_find          ff.o
    0x0800a8a4   0x0800a8a4   0x0000010c   Code   RO         6513    i.dir_next          ff.o
    0x0800a9b0   0x0800a9b0   0x00000142   Code   RO         6515    i.dir_register      ff.o
    0x0800aaf2   0x0800aaf2   0x0000009a   Code   RO         6517    i.dir_sdi           ff.o
    0x0800ab8c   0x0800ab8c   0x0000002c   Code   RO         6446    i.disk_initialize   diskio.o
    0x0800abb8   0x0800abb8   0x00000028   Code   RO         6447    i.disk_ioctl        diskio.o
    0x0800abe0   0x0800abe0   0x00000030   Code   RO         6448    i.disk_read         diskio.o
    0x0800ac10   0x0800ac10   0x0000001c   Code   RO         6449    i.disk_status       diskio.o
    0x0800ac2c   0x0800ac2c   0x00000030   Code   RO         6450    i.disk_write        diskio.o
    0x0800ac5c   0x0800ac5c   0x00000028   Code   RO         6518    i.enq_lock          ff.o
    0x0800ac84   0x0800ac84   0x0000002c   Code   RO         6519    i.f_close           ff.o
    0x0800acb0   0x0800acb0   0x000002b0   Code   RO         6523    i.f_lseek           ff.o
    0x0800af60   0x0800af60   0x0000015e   Code   RO         6524    i.f_mkdir           ff.o
    0x0800b0be   0x0800b0be   0x00000002   PAD
    0x0800b0c0   0x0800b0c0   0x00000060   Code   RO         6526    i.f_mount           ff.o
    0x0800b120   0x0800b120   0x00000230   Code   RO         6527    i.f_open            ff.o
    0x0800b350   0x0800b350   0x000001ac   Code   RO         6532    i.f_read            ff.o
    0x0800b4fc   0x0800b4fc   0x000000a0   Code   RO         6536    i.f_sync            ff.o
    0x0800b59c   0x0800b59c   0x000001ee   Code   RO         6539    i.f_write           ff.o
    0x0800b78a   0x0800b78a   0x00000002   PAD
    0x0800b78c   0x0800b78c   0x0000007c   Code   RO         6957    i.ff_convert        cc936.o
    0x0800b808   0x0800b808   0x000000a4   Code   RO         6958    i.ff_wtoupper       cc936.o
    0x0800b8ac   0x0800b8ac   0x00000308   Code   RO         6540    i.find_volume       ff.o
    0x0800bbb4   0x0800bbb4   0x000000a2   Code   RO         6541    i.follow_path       ff.o
    0x0800bc56   0x0800bc56   0x00000002   PAD
    0x0800bc58   0x0800bc58   0x000000cc   Code   RO         6542    i.gen_numname       ff.o
    0x0800bd24   0x0800bd24   0x000000e0   Code   RO         6543    i.get_fat           ff.o
    0x0800be04   0x0800be04   0x00000004   Code   RO         1445    i.get_fattime       fatfs.o
    0x0800be08   0x0800be08   0x00000048   Code   RO         6545    i.get_ldnumber      ff.o
    0x0800be50   0x0800be50   0x000000bc   Code   RO         6546    i.inc_lock          ff.o
    0x0800bf0c   0x0800bf0c   0x00000026   Code   RO         6547    i.ld_clust          ff.o
    0x0800bf32   0x0800bf32   0x00000018   Code   RO         6548    i.ld_dword          ff.o
    0x0800bf4a   0x0800bf4a   0x0000000c   Code   RO         6549    i.ld_word           ff.o
    0x0800bf56   0x0800bf56   0x00000002   PAD
    0x0800bf58   0x0800bf58   0x00000474   Code   RO          371    i.main              main.o
    0x0800c3cc   0x0800c3cc   0x00000024   Code   RO         6550    i.mem_cmp           ff.o
    0x0800c3f0   0x0800c3f0   0x0000001a   Code   RO         6551    i.mem_cpy           ff.o
    0x0800c40a   0x0800c40a   0x00000012   Code   RO         6552    i.mem_set           ff.o
    0x0800c41c   0x0800c41c   0x00000034   Code   RO         6553    i.move_window       ff.o
    0x0800c450   0x0800c450   0x00000138   Code   RO         6555    i.put_fat           ff.o
    0x0800c588   0x0800c588   0x00000080   Code   RO         6556    i.put_lfn           ff.o
    0x0800c608   0x0800c608   0x0000009a   Code   RO         6560    i.remove_chain      ff.o
    0x0800c6a2   0x0800c6a2   0x00000010   Code   RO          297    i.sb_delay          adxis.o
    0x0800c6b2   0x0800c6b2   0x00000024   Code   RO         6561    i.st_clust          ff.o
    0x0800c6d6   0x0800c6d6   0x00000018   Code   RO         6562    i.st_dword          ff.o
    0x0800c6ee   0x0800c6ee   0x0000000c   Code   RO         6563    i.st_word           ff.o
    0x0800c6fa   0x0800c6fa   0x00000020   Code   RO         6564    i.sum_sfn           ff.o
    0x0800c71a   0x0800c71a   0x00000002   PAD
    0x0800c71c   0x0800c71c   0x00000090   Code   RO         6565    i.sync_fs           ff.o
    0x0800c7ac   0x0800c7ac   0x00000052   Code   RO         6566    i.sync_window       ff.o
    0x0800c7fe   0x0800c7fe   0x0000003c   Code   RO         6567    i.validate          ff.o
    0x0800c83a   0x0800c83a   0x0000000a   Code   RO         7771    x$fpl$fpinit        fz_wm.l(fpinit.o)
    0x0800c844   0x0800c844   0x000001b8   Data   RO          373    .constdata          main.o
    0x0800c9fc   0x0800c9fc   0x00000014   Data   RO         1361    .constdata          sd_diskio.o
    0x0800ca10   0x0800ca10   0x00000024   Data   RO         1645    .constdata          usbd_storage_if.o
    0x0800ca34   0x0800ca34   0x00000008   Data   RO         3082    .constdata          stm32f4xx_hal_dma.o
    0x0800ca3c   0x0800ca3c   0x00000018   Data   RO         6411    .constdata          system_stm32f4xx.o
    0x0800ca54   0x0800ca54   0x0000002a   Data   RO         6569    .constdata          ff.o
    0x0800ca7e   0x0800ca7e   0x0002abb6   Data   RO         6959    .constdata          cc936.o
    0x08037634   0x08037634   0x00000020   Data   RO         7827    Region$$Table       anon$$obj.o


    Execution Region RW_IRAM2 (Exec base: 0x10000000, Load base: 0x08037724, Size: 0x00000000, Max: 0x00010000, ABSOLUTE)

    **** No section assigned to this execution region ****


    Execution Region RW_IRAM1 (Exec base: 0x20000000, Load base: 0x08037654, Size: 0x00008ef8, Max: 0x00030000, ABSOLUTE, COMPRESSED[0x000000d0])

    Exec Addr    Load Addr    Size         Type   Attr      Idx    E Section Name        Object

    0x20000000   COMPRESSED   0x0000001a   Data   RW          299    .data               adxis.o
    0x2000001a   COMPRESSED   0x00000002   PAD
    0x2000001c   COMPRESSED   0x00000011   Data   RW          374    .data               main.o
    0x2000002d   COMPRESSED   0x00000003   PAD
    0x20000030   COMPRESSED   0x0000000c   Data   RW         1023    .data               stm32f4xx_it.o
    0x2000003c   COMPRESSED   0x00000006   Data   RW         1162    .data               lis3mdl.o
    0x20000042   COMPRESSED   0x00000002   Data   RW         1242    .data               bsp_driver_sd.o
    0x20000044   COMPRESSED   0x0000000c   Data   RW         1362    .data               sd_diskio.o
    0x20000050   COMPRESSED   0x00000005   Data   RW         1447    .data               fatfs.o
    0x20000055   COMPRESSED   0x00000003   PAD
    0x20000058   COMPRESSED   0x0000004e   Data   RW         1558    .data               usbd_desc.o
    0x200000a6   COMPRESSED   0x00000002   PAD
    0x200000a8   COMPRESSED   0x00000020   Data   RW         1646    .data               usbd_storage_if.o
    0x200000c8   COMPRESSED   0x00000009   Data   RW         3534    .data               stm32f4xx_hal.o
    0x200000d1   COMPRESSED   0x00000003   PAD
    0x200000d4   COMPRESSED   0x00000004   Data   RW         6412    .data               system_stm32f4xx.o
    0x200000d8   COMPRESSED   0x00000006   Data   RW         6570    .data               ff.o
    0x200000de   COMPRESSED   0x00000001   Data   RW         7172    .data               usbd_ctlreq.o
    0x200000df   COMPRESSED   0x00000001   PAD
    0x200000e0   COMPRESSED   0x00000064   Data   RW         7330    .data               usbd_msc.o
    0x20000144   COMPRESSED   0x00000040   Data   RW         7480    .data               usbd_msc_data.o
    0x20000184        -       0x00000094   Zero   RW          298    .bss                adxis.o
    0x20000218        -       0x00002494   Zero   RW          372    .bss                main.o
    0x200026ac        -       0x000000a8   Zero   RW          634    .bss                adc.o
    0x20002754        -       0x00000054   Zero   RW          823    .bss                i2c.o
    0x200027a8        -       0x00000144   Zero   RW          865    .bss                sdio.o
    0x200028ec        -       0x00000058   Zero   RW          907    .bss                spi.o
    0x20002944        -       0x000000d8   Zero   RW          952    .bss                tim.o
    0x20002a1c        -       0x000015ea   Zero   RW         1022    .bss                stm32f4xx_it.o
    0x20004006   COMPRESSED   0x00000002   PAD
    0x20004008        -       0x000002dc   Zero   RW         1486    .bss                usb_device.o
    0x200042e4        -       0x00000200   Zero   RW         1557    .bss                usbd_desc.o
    0x200044e4        -       0x00000784   Zero   RW         1733    .bss                usbd_conf.o
    0x20004c68        -       0x00000220   Zero   RW         6568    .bss                ff.o
    0x20004e88        -       0x0000000c   Zero   RW         6887    .bss                ff_gen_drv.o
    0x20004e94        -       0x00000060   Zero   RW         7701    .bss                c_w.l(libspace.o)
    0x20004ef4   COMPRESSED   0x00000004   PAD
    0x20004ef8        -       0x00002000   Zero   RW            2    HEAP                startup_stm32f429xx.o
    0x20006ef8        -       0x00002000   Zero   RW            1    STACK               startup_stm32f429xx.o


==============================================================================

Image component sizes


      Code (inc. data)   RO Data    RW Data    ZI Data      Debug   Object Name

       340         28          0          0        168     648267   adc.o
       316         38          0         26        148       5922   adxis.o
       236         34          0          2          0       6500   bsp_driver_sd.o
       288         26     175030          0          0       2911   cc936.o
       208         24          0          0          0       3865   diskio.o
        88          4          0          0          0        774   dma.o
        32         12          0          5          0       1504   fatfs.o
      8214        102         42          6        544      46490   ff.o
       102          6          0          0         12       1667   ff_gen_drv.o
       284         16          0          0          0       1071   gpio.o
       224         24          0          0         84       1669   i2c.o
         0          0          0          6          0        515   lis3mdl.o
      1326        236        440         17       9364     774390   main.o
         0          0          0          0          0       4500   mpu9250.o
         0          0          0          0          0     798036   myiic.o
       542         38         20         12          0      11045   sd_diskio.o
       448         40          0          0        324       1939   sdio.o
       212         24          0          0         88       1665   spi.o
        64         26        428          0      16384        852   startup_stm32f429xx.o
       212         36          0          9          0       9521   stm32f4xx_hal.o
      1484         70          0          0          0       7337   stm32f4xx_hal_adc.o
       304         22          0          0          0      34427   stm32f4xx_hal_cortex.o
      1270         16          8          0          0       6769   stm32f4xx_hal_dma.o
       174          0          0          0          0       2020   stm32f4xx_hal_dma_ex.o
       540         54          0          0          0       2112   stm32f4xx_hal_gpio.o
       464         18          0          0          0       2063   stm32f4xx_hal_i2c.o
       156          0          0          0          0       1903   stm32f4xx_hal_i2c_ex.o
        72          4          0          0          0        850   stm32f4xx_hal_msp.o
      3672         16          0          0          0      14507   stm32f4xx_hal_pcd.o
        90          0          0          0          0       2421   stm32f4xx_hal_pcd_ex.o
      1788         74          0          0          0       5021   stm32f4xx_hal_rcc.o
      3734         74          0          0          0      18951   stm32f4xx_hal_sd.o
      1078         14          0          0          0       4649   stm32f4xx_hal_spi.o
      2548        172          0          0          0      17069   stm32f4xx_hal_tim.o
       184         30          0          0          0       2481   stm32f4xx_hal_tim_ex.o
      1158        114          0         12       5610       9810   stm32f4xx_it.o
      2102         46          0          0          0      24407   stm32f4xx_ll_sdmmc.o
      4246         98          0          0          0      23547   stm32f4xx_ll_usb.o
        20          6         24          4          0       1115   system_stm32f4xx.o
       548         34          0          0        216       3144   tim.o
        76         16          0          0        732      11279   usb_device.o
      1042         24          0          0       1924      18255   usbd_conf.o
      1346          0          0          0          0      16465   usbd_core.o
      2342         30          0          1          0      17784   usbd_ctlreq.o
       382        118          0         78        512       6849   usbd_desc.o
       134          0          0          0          0       3940   usbd_ioreq.o
       954         38          0        100          0       9833   usbd_msc.o
       978         60          0          0          0       7946   usbd_msc_bot.o
         0          0          0         64          0        929   usbd_msc_data.o
      3680         40          0          0          0      19264   usbd_msc_scsi.o
       174         20         36         32          0       5055   usbd_storage_if.o

    ----------------------------------------------------------------------
     49940       1922     176060        388      36112    2625305   Object Totals
         0          0         32          0          0          0   (incl. Generated)
        64          0          0         14          2          0   (incl. Padding)

    ----------------------------------------------------------------------

      Code (inc. data)   RO Data    RW Data    ZI Data      Debug   Library Member Name

        90          0          0          0          0          0   __dczerorl2.o
         8          0          0          0          0         68   __main.o
         0          0          0          0          0          0   __rtentry.o
        12          0          0          0          0          0   __rtentry2.o
         6          0          0          0          0          0   __rtentry4.o
        52          8          0          0          0          0   __scatter.o
        28          0          0          0          0          0   __scatter_zi.o
        18          0          0          0          0         80   exit.o
         6          0          0          0          0        152   heapauxi.o
         0          0          0          0          0          0   indicate_semi.o
         2          0          0          0          0          0   libinit.o
         6          0          0          0          0          0   libinit2.o
         2          0          0          0          0          0   libshutdown.o
         2          0          0          0          0          0   libshutdown2.o
         8          4          0          0         96         68   libspace.o
       238          0          0          0          0        100   lludivv7m.o
        68          0          0          0          0         68   rt_memclr.o
        78          0          0          0          0         80   rt_memclr_w.o
       100          0          0          0          0         80   rt_memcpy_w.o
         2          0          0          0          0          0   rtexit.o
        10          0          0          0          0          0   rtexit2.o
        62          0          0          0          0         76   strlen.o
        12          4          0          0          0         68   sys_exit.o
        74          0          0          0          0         80   sys_stackheap_outer.o
         2          0          0          0          0         68   use_no_semi.o
        10          0          0          0          0        116   fpinit.o

    ----------------------------------------------------------------------
       900         16          0          0        100       1104   Library Totals
         4          0          0          0          4          0   (incl. Padding)

    ----------------------------------------------------------------------

      Code (inc. data)   RO Data    RW Data    ZI Data      Debug   Library Name

       886         16          0          0         96        988   c_w.l
        10          0          0          0          0        116   fz_wm.l

    ----------------------------------------------------------------------
       900         16          0          0        100       1104   Library Totals

    ----------------------------------------------------------------------

==============================================================================


      Code (inc. data)   RO Data    RW Data    ZI Data      Debug   

     50840       1938     176060        388      36212    2584693   Grand Totals
     50840       1938     176060        208      36212    2584693   ELF Image Totals (compressed)
     50840       1938     176060        208          0          0   ROM Totals

==============================================================================

    Total RO  Size (Code + RO Data)               226900 ( 221.58kB)
    Total RW  Size (RW Data + ZI Data)             36600 (  35.74kB)
    Total ROM Size (Code + RO Data + RW Data)     227108 ( 221.79kB)

==============================================================================

